###############################################################################
#
# IAR ELF Linker V9.50.1.380/W64 for ARM                  15/Mar/2024  22:35:19
# Copyright 2007-2023 IAR Systems AB.
#
#    Output file  =
#        D:\Files\SJTU\second_second\engineering4-D\HSP\HSP_C4\HSP_C3\Debug\Exe\HSP.out
#    Map file     =
#        D:\Files\SJTU\second_second\engineering4-D\HSP\HSP_C4\HSP_C3\Debug\List\HSP.map
#    Command line =
#        -f
#        D:\Files\SJTU\second_second\engineering4-D\HSP\HSP_C4\HSP_C3\Debug\Exe\HSP.out.rsp
#        (D:\Files\SJTU\second_second\engineering4-D\HSP\HSP_C4\HSP_C3\Debug\Obj\App_2489385672134236918.dir\00_MENU.o
#        D:\Files\SJTU\second_second\engineering4-D\HSP\HSP_C4\HSP_C3\Debug\Obj\App_2489385672134236918.dir\Ex1_gpio.o
#        D:\Files\SJTU\second_second\engineering4-D\HSP\HSP_C4\HSP_C3\Debug\Obj\App_2489385672134236918.dir\Ex2_I2c.o
#        D:\Files\SJTU\second_second\engineering4-D\HSP\HSP_C4\HSP_C3\Debug\Obj\App_2489385672134236918.dir\Ex3_tft18.o
#        D:\Files\SJTU\second_second\engineering4-D\HSP\HSP_C4\HSP_C3\Debug\Obj\App_2489385672134236918.dir\Ex4_adc.o
#        D:\Files\SJTU\second_second\engineering4-D\HSP\HSP_C4\HSP_C3\Debug\Obj\App_2489385672134236918.dir\Ex5_uart.o
#        D:\Files\SJTU\second_second\engineering4-D\HSP\HSP_C4\HSP_C3\Debug\Obj\App_2489385672134236918.dir\Ex6_pwm.o
#        D:\Files\SJTU\second_second\engineering4-D\HSP\HSP_C4\HSP_C3\Debug\Obj\App_2489385672134236918.dir\Ex7_dci.o
#        D:\Files\SJTU\second_second\engineering4-D\HSP\HSP_C4\HSP_C3\Debug\Obj\App_2489385672134236918.dir\Ex8_rtc.o
#        D:\Files\SJTU\second_second\engineering4-D\HSP\HSP_C4\HSP_C3\Debug\Obj\GD32F470_Peripherals_11143062579488607573.dir\gd32f4xx_adc.o
#        D:\Files\SJTU\second_second\engineering4-D\HSP\HSP_C4\HSP_C3\Debug\Obj\GD32F470_Peripherals_11143062579488607573.dir\gd32f4xx_can.o
#        D:\Files\SJTU\second_second\engineering4-D\HSP\HSP_C4\HSP_C3\Debug\Obj\GD32F470_Peripherals_11143062579488607573.dir\gd32f4xx_crc.o
#        D:\Files\SJTU\second_second\engineering4-D\HSP\HSP_C4\HSP_C3\Debug\Obj\GD32F470_Peripherals_11143062579488607573.dir\gd32f4xx_ctc.o
#        D:\Files\SJTU\second_second\engineering4-D\HSP\HSP_C4\HSP_C3\Debug\Obj\GD32F470_Peripherals_11143062579488607573.dir\gd32f4xx_dac.o
#        D:\Files\SJTU\second_second\engineering4-D\HSP\HSP_C4\HSP_C3\Debug\Obj\GD32F470_Peripherals_11143062579488607573.dir\gd32f4xx_dbg.o
#        D:\Files\SJTU\second_second\engineering4-D\HSP\HSP_C4\HSP_C3\Debug\Obj\GD32F470_Peripherals_11143062579488607573.dir\gd32f4xx_dci.o
#        D:\Files\SJTU\second_second\engineering4-D\HSP\HSP_C4\HSP_C3\Debug\Obj\GD32F470_Peripherals_11143062579488607573.dir\gd32f4xx_dma.o
#        D:\Files\SJTU\second_second\engineering4-D\HSP\HSP_C4\HSP_C3\Debug\Obj\GD32F470_Peripherals_11143062579488607573.dir\gd32f4xx_enet.o
#        D:\Files\SJTU\second_second\engineering4-D\HSP\HSP_C4\HSP_C3\Debug\Obj\GD32F470_Peripherals_11143062579488607573.dir\gd32f4xx_exmc.o
#        D:\Files\SJTU\second_second\engineering4-D\HSP\HSP_C4\HSP_C3\Debug\Obj\GD32F470_Peripherals_11143062579488607573.dir\gd32f4xx_exti.o
#        D:\Files\SJTU\second_second\engineering4-D\HSP\HSP_C4\HSP_C3\Debug\Obj\GD32F470_Peripherals_11143062579488607573.dir\gd32f4xx_fmc.o
#        D:\Files\SJTU\second_second\engineering4-D\HSP\HSP_C4\HSP_C3\Debug\Obj\GD32F470_Peripherals_11143062579488607573.dir\gd32f4xx_fwdgt.o
#        D:\Files\SJTU\second_second\engineering4-D\HSP\HSP_C4\HSP_C3\Debug\Obj\GD32F470_Peripherals_11143062579488607573.dir\gd32f4xx_gpio.o
#        D:\Files\SJTU\second_second\engineering4-D\HSP\HSP_C4\HSP_C3\Debug\Obj\GD32F470_Peripherals_11143062579488607573.dir\gd32f4xx_i2c.o
#        D:\Files\SJTU\second_second\engineering4-D\HSP\HSP_C4\HSP_C3\Debug\Obj\GD32F470_Peripherals_11143062579488607573.dir\gd32f4xx_ipa.o
#        D:\Files\SJTU\second_second\engineering4-D\HSP\HSP_C4\HSP_C3\Debug\Obj\GD32F470_Peripherals_11143062579488607573.dir\gd32f4xx_iref.o
#        D:\Files\SJTU\second_second\engineering4-D\HSP\HSP_C4\HSP_C3\Debug\Obj\Main_13238667732884069010.dir\gd32f4xx_it.o
#        D:\Files\SJTU\second_second\engineering4-D\HSP\HSP_C4\HSP_C3\Debug\Obj\GD32F470_Peripherals_11143062579488607573.dir\gd32f4xx_misc.o
#        D:\Files\SJTU\second_second\engineering4-D\HSP\HSP_C4\HSP_C3\Debug\Obj\GD32F470_Peripherals_11143062579488607573.dir\gd32f4xx_pmu.o
#        D:\Files\SJTU\second_second\engineering4-D\HSP\HSP_C4\HSP_C3\Debug\Obj\GD32F470_Peripherals_11143062579488607573.dir\gd32f4xx_rcu.o
#        D:\Files\SJTU\second_second\engineering4-D\HSP\HSP_C4\HSP_C3\Debug\Obj\GD32F470_Peripherals_11143062579488607573.dir\gd32f4xx_rtc.o
#        D:\Files\SJTU\second_second\engineering4-D\HSP\HSP_C4\HSP_C3\Debug\Obj\GD32F470_Peripherals_11143062579488607573.dir\gd32f4xx_sdio.o
#        D:\Files\SJTU\second_second\engineering4-D\HSP\HSP_C4\HSP_C3\Debug\Obj\GD32F470_Peripherals_11143062579488607573.dir\gd32f4xx_spi.o
#        D:\Files\SJTU\second_second\engineering4-D\HSP\HSP_C4\HSP_C3\Debug\Obj\GD32F470_Peripherals_11143062579488607573.dir\gd32f4xx_syscfg.o
#        D:\Files\SJTU\second_second\engineering4-D\HSP\HSP_C4\HSP_C3\Debug\Obj\GD32F470_Peripherals_11143062579488607573.dir\gd32f4xx_timer.o
#        D:\Files\SJTU\second_second\engineering4-D\HSP\HSP_C4\HSP_C3\Debug\Obj\GD32F470_Peripherals_11143062579488607573.dir\gd32f4xx_tli.o
#        D:\Files\SJTU\second_second\engineering4-D\HSP\HSP_C4\HSP_C3\Debug\Obj\GD32F470_Peripherals_11143062579488607573.dir\gd32f4xx_trng.o
#        D:\Files\SJTU\second_second\engineering4-D\HSP\HSP_C4\HSP_C3\Debug\Obj\GD32F470_Peripherals_11143062579488607573.dir\gd32f4xx_usart.o
#        D:\Files\SJTU\second_second\engineering4-D\HSP\HSP_C4\HSP_C3\Debug\Obj\GD32F470_Peripherals_11143062579488607573.dir\gd32f4xx_wwdgt.o
#        D:\Files\SJTU\second_second\engineering4-D\HSP\HSP_C4\HSP_C3\Debug\Obj\Utilities_17002154029713865955.dir\GFX_FUNCTIONS.o
#        D:\Files\SJTU\second_second\engineering4-D\HSP\HSP_C4\HSP_C3\Debug\Obj\Board_7221520210927654578.dir\hsp_adc.o
#        D:\Files\SJTU\second_second\engineering4-D\HSP\HSP_C4\HSP_C3\Debug\Obj\Utilities_17002154029713865955.dir\HSP_CAT9555.o
#        D:\Files\SJTU\second_second\engineering4-D\HSP\HSP_C4\HSP_C3\Debug\Obj\Utilities_17002154029713865955.dir\HSP_COMM.o
#        D:\Files\SJTU\second_second\engineering4-D\HSP\HSP_C4\HSP_C3\Debug\Obj\Board_7221520210927654578.dir\hsp_dci.o
#        D:\Files\SJTU\second_second\engineering4-D\HSP\HSP_C4\HSP_C3\Debug\Obj\Utilities_17002154029713865955.dir\HSP_ENCODER.o
#        D:\Files\SJTU\second_second\engineering4-D\HSP\HSP_C4\HSP_C3\Debug\Obj\Utilities_17002154029713865955.dir\HSP_GD25Q64.o
#        D:\Files\SJTU\second_second\engineering4-D\HSP\HSP_C4\HSP_C3\Debug\Obj\Board_7221520210927654578.dir\hsp_gpio.o
#        D:\Files\SJTU\second_second\engineering4-D\HSP\HSP_C4\HSP_C3\Debug\Obj\Board_7221520210927654578.dir\hsp_i2c.o
#        D:\Files\SJTU\second_second\engineering4-D\HSP\HSP_C4\HSP_C3\Debug\Obj\Utilities_17002154029713865955.dir\HSP_MMA8451.o
#        D:\Files\SJTU\second_second\engineering4-D\HSP\HSP_C4\HSP_C3\Debug\Obj\Utilities_17002154029713865955.dir\HSP_MOTOR.o
#        D:\Files\SJTU\second_second\engineering4-D\HSP\HSP_C4\HSP_C3\Debug\Obj\Utilities_17002154029713865955.dir\HSP_MT9V034.o
#        D:\Files\SJTU\second_second\engineering4-D\HSP\HSP_C4\HSP_C3\Debug\Obj\Board_7221520210927654578.dir\hsp_rtc.o
#        D:\Files\SJTU\second_second\engineering4-D\HSP\HSP_C4\HSP_C3\Debug\Obj\Board_7221520210927654578.dir\hsp_spi.o
#        D:\Files\SJTU\second_second\engineering4-D\HSP\HSP_C4\HSP_C3\Debug\Obj\Utilities_17002154029713865955.dir\HSP_TFCARD.o
#        D:\Files\SJTU\second_second\engineering4-D\HSP\HSP_C4\HSP_C3\Debug\Obj\Utilities_17002154029713865955.dir\HSP_TFT18.o
#        D:\Files\SJTU\second_second\engineering4-D\HSP\HSP_C4\HSP_C3\Debug\Obj\Board_7221520210927654578.dir\hsp_timer.o
#        D:\Files\SJTU\second_second\engineering4-D\HSP\HSP_C4\HSP_C3\Debug\Obj\Utilities_17002154029713865955.dir\HSP_TSL1401.o
#        D:\Files\SJTU\second_second\engineering4-D\HSP\HSP_C4\HSP_C3\Debug\Obj\Board_7221520210927654578.dir\hsp_uart.o
#        D:\Files\SJTU\second_second\engineering4-D\HSP\HSP_C4\HSP_C3\Debug\Obj\Utilities_17002154029713865955.dir\HSP_WRITE.o
#        D:\Files\SJTU\second_second\engineering4-D\HSP\HSP_C4\HSP_C3\Debug\Obj\App_2489385672134236918.dir\Lab1_hmi.o
#        D:\Files\SJTU\second_second\engineering4-D\HSP\HSP_C4\HSP_C3\Debug\Obj\App_2489385672134236918.dir\Lab2_sensor.o
#        D:\Files\SJTU\second_second\engineering4-D\HSP\HSP_C4\HSP_C3\Debug\Obj\App_2489385672134236918.dir\Lab3_motor.o
#        D:\Files\SJTU\second_second\engineering4-D\HSP\HSP_C4\HSP_C3\Debug\Obj\App_2489385672134236918.dir\Lab4_ccd.o
#        D:\Files\SJTU\second_second\engineering4-D\HSP\HSP_C4\HSP_C3\Debug\Obj\Main_13238667732884069010.dir\main.o
#        D:\Files\SJTU\second_second\engineering4-D\HSP\HSP_C4\HSP_C3\Debug\Obj\App_2489385672134236918.dir\Project1_LineFollower.o
#        D:\Files\SJTU\second_second\engineering4-D\HSP\HSP_C4\HSP_C3\Debug\Obj\Startup_17868067532763321386.dir\startup_gd32f450_470.o
#        D:\Files\SJTU\second_second\engineering4-D\HSP\HSP_C4\HSP_C3\Debug\Obj\CMSIS_13545061835669826545.dir\system_gd32f4xx.o
#        D:\Files\SJTU\second_second\engineering4-D\HSP\HSP_C4\HSP_C3\Debug\Obj\Main_13238667732884069010.dir\systick.o
#        --redirect _Printf=_PrintfFullNoMb --redirect _Scanf=_ScanfFullNoMb
#        --no_out_extension -o
#        D:\Files\SJTU\second_second\engineering4-D\HSP\HSP_C4\HSP_C3\Debug\Exe\HSP.out
#        --map
#        D:\Files\SJTU\second_second\engineering4-D\HSP\HSP_C4\HSP_C3\Debug\List\HSP.map
#        --config "D:\Program Files\IAR Systems\Embedded Workbench
#        9.2\arm/config/linker/GD/GD32F470xG.icf" --semihosting --entry
#        __iar_program_start --redirect __write=__write_buffered --vfe
#        --text_out locale --cpu=Cortex-M4 --fpu=VFPv4_sp) --dependencies=n
#        D:\Files\SJTU\second_second\engineering4-D\HSP\HSP_C4\HSP_C3\Debug\Exe\HSP.out.iar_deps
#
###############################################################################

*******************************************************************************
*** RUNTIME MODEL ATTRIBUTES
***

CppFlavor       = *
__CPP_Runtime   = 1
__SystemLibrary = DLib
__dlib_version  = 6


*******************************************************************************
*** HEAP SELECTION
***

The basic heap was selected because --advanced_heap
was not specified and the application did not appear to
be primarily optimized for speed.


*******************************************************************************
*** PLACEMENT SUMMARY
***

"A0":  place at address 0x800'0000 { ro section .intvec };
"P1":  place in [from 0x800'0000 to 0x80f'ffff] { ro };
define block CSTACK with size = 8K, alignment = 8 { };
define block HEAP with size = 8K, alignment = 8 { };
"P2":  place in [from 0x2000'0000 to 0x2006'ffff] {
          rw, block CSTACK, block HEAP };
initialize by copy { rw };

No sections matched the following patterns:

  section .sram  in "P3"


  Section            Kind         Address  Aligment    Size  Object
  -------            ----         -------  --------    ----  ------
"A0":                                                 0x1ac
  .intvec            ro code   0x800'0000         4   0x1ac  startup_gd32f450_470.o [6]
                             - 0x800'01ac             0x1ac

"P1":                                                0x4dbc
  .text              ro code   0x800'01ac         4   0xeca  xprintffull_nomb.o [8]
  .text              ro code   0x800'1076         2    0x7e  lz77_init_single.o [10]
  .text              ro code   0x800'10f4         4    0x16  strchr.o [10]
  .rodata            const     0x800'110a         2     0x2  xlocale_c.o [8]
  .text              ro code   0x800'110c         4    0x40  xfail_s.o [8]
  .text              ro code   0x800'114c         4    0x36  strlen.o [10]
  .rodata            const     0x800'1182               0x1  xlocale_c.o [8]
  .text              ro code   0x800'1184         4    0x58  memchr.o [10]
  .text              ro code   0x800'11dc         4    0xa6  ABImemcpy.o [10]
  .text              ro code   0x800'1284         4    0x70  frexp.o [9]
  .text              ro code   0x800'12f4         4    0x34  DblCmpLe.o [9]
  .text              ro code   0x800'1328         4    0x34  DblCmpGe.o [9]
  .text              ro code   0x800'135c         4   0x13a  ldexp.o [9]
  .text              ro code   0x800'1498         4    0x36  DblToS32.o [9]
  .text              ro code   0x800'14d0         4    0x22  S32ToDbl.o [9]
  .text              ro code   0x800'14f4         4   0x24e  DblAddSub.o [9]
  .text              ro code   0x800'1744         4   0x246  DblDiv.o [9]
  .text              ro code   0x800'198c         4    0x22  DblToU32.o [9]
  .text              ro code   0x800'19b0         4    0x1c  U32ToDbl.o [9]
  .text              ro code   0x800'19cc         4   0x1aa  DblMul.o [9]
  .text              ro code   0x800'1b78         4     0x8  xlocale_c.o [8]
  .text              ro code   0x800'1b80         4   0x230  I64DivMod.o [10]
  .text              ro code   0x800'1db0         2     0x6  abort.o [8]
  .text              ro code   0x800'1db8         4     0x2  I64DivZer.o [10]
  .text              ro code   0x800'1dbc         4    0x14  exit.o [11]
  .rodata            const     0x800'1dd0         4   0x5f0  HSP_TFT18.o [7]
  .text              ro code   0x800'23c0         4   0x5d4  gd32f4xx_dma.o [4]
  .text              ro code   0x800'2994         4   0x4c0  HSP_MMA8451.o [7]
  .text              ro code   0x800'2e54         4    0x28  printf.o [8]
  .text              ro code   0x800'2e7c         4   0x148  gd32f4xx_rcu.o [4]
  .text              ro code   0x800'2fc4         4   0x17a  gd32f4xx_gpio.o [4]
  .text              ro code   0x800'3140         4   0x230  gd32f4xx_i2c.o [4]
  .text              ro code   0x800'3370         4   0x450  Ex2_I2c.o [1]
  .text              ro code   0x800'37c0         4   0x42c  HSP_TFT18.o [7]
  .text              ro code   0x800'3bec         4    0xf0  hsp_spi.o [2]
  .text              ro code   0x800'3cdc         4    0xb8  systick.o [5]
  .text              ro code   0x800'3d94         4    0x6a  gd32f4xx_spi.o [4]
  .text              ro code   0x800'3e00         4   0x2cc  gd32f4xx_timer.o [4]
  .text              ro code   0x800'40cc         4   0x19c  hsp_gpio.o [2]
  .text              ro code   0x800'4268         4   0x15c  system_gd32f4xx.o [3]
  .text              ro code   0x800'43c4         4   0x138  00_MENU.o [1]
  .text              ro code   0x800'44fc         4   0x12c  hsp_i2c.o [2]
  .text              ro code   0x800'4628         4   0x110  hsp_dci.o [2]
  .text              ro code   0x800'4738         4   0x10c  gd32f4xx_it.o [5]
  .text              ro code   0x800'4844         4    0x20  gd32f4xx_exti.o [4]
  .text              ro code   0x800'4864         4    0xc8  hsp_timer.o [2]
  .text              ro code   0x800'492c         4    0xb8  xxwritebuffered.o [8]
  .text              ro code   0x800'49e4         4    0x3c  HSP_WRITE.o [7]
  .text              ro code   0x800'4a20         4    0x2e  gd32f4xx_usart.o [4]
  .text              ro code   0x800'4a50         4    0x80  main.o [5]
  .text              ro code   0x800'4ad0         4    0x34  HSP_CAT9555.o [7]
  .text              ro code   0x800'4b04         4    0x44  putchar.o [8]
  .text              ro code   0x800'4b48         4    0x40  xcloseall.o [8]
  .text              ro code   0x800'4b88         2    0x38  zero_init3.o [10]
  .text              ro code   0x800'4bc0         4    0x2a  data_init.o [10]
  .text              ro code   0x800'4bec         4    0x22  fpinit_M.o [9]
  .iar.init_table    const     0x800'4c10         4    0x28  - Linker created -
  .rodata            const     0x800'4c38         4    0x20  00_MENU.o [1]
  .text              ro code   0x800'4c58         4    0x1e  cmain.o [10]
  .text              ro code   0x800'4c76         2     0x4  low_level_init.o [8]
  .text              ro code   0x800'4c7a         2     0x4  exit.o [8]
  .text              ro code   0x800'4c80         4     0xe  cexit.o [10]
  .text              ro code   0x800'4c90         4    0x1c  cstartup_M.o [10]
  .rodata            const     0x800'4cac         4    0x18  HSP_MMA8451.o [7]
  .text              ro code   0x800'4cc4         2    0x16  xprout.o [8]
  .rodata            const     0x800'4cdc         4    0x14  main.o [5]
  .rodata            const     0x800'4cf0         4    0x10  gd32f4xx_rcu.o [4]
  .text              ro code   0x800'4d00         4    0x10  startup_gd32f450_470.o [6]
  .rodata            const     0x800'4d10         4     0x8  gd32f4xx_rcu.o [4]
  .rodata            const     0x800'4d18         4     0x8  gd32f4xx_rcu.o [4]
  .text              ro code   0x800'4d20         2     0x4  startup_gd32f450_470.o [6]
  .text              ro code   0x800'4d24         2     0x4  startup_gd32f450_470.o [6]
  .text              ro code   0x800'4d28         2     0x4  startup_gd32f450_470.o [6]
  .text              ro code   0x800'4d2c         2     0x4  startup_gd32f450_470.o [6]
  .text              ro code   0x800'4d30         2     0x4  startup_gd32f450_470.o [6]
  .text              ro code   0x800'4d34         2     0x4  startup_gd32f450_470.o [6]
  .text              ro code   0x800'4d38         2     0x4  startup_gd32f450_470.o [6]
  .text              ro code   0x800'4d3c         2     0x4  startup_gd32f450_470.o [6]
  .text              ro code   0x800'4d40         2     0x4  startup_gd32f450_470.o [6]
  .text              ro code   0x800'4d44         2     0x4  startup_gd32f450_470.o [6]
  .text              ro code   0x800'4d48         2     0x4  startup_gd32f450_470.o [6]
  .text              ro code   0x800'4d4c         2     0x4  startup_gd32f450_470.o [6]
  .text              ro code   0x800'4d50         2     0x4  startup_gd32f450_470.o [6]
  .text              ro code   0x800'4d54         2     0x4  startup_gd32f450_470.o [6]
  .text              ro code   0x800'4d58         2     0x4  startup_gd32f450_470.o [6]
  .text              ro code   0x800'4d5c         2     0x4  startup_gd32f450_470.o [6]
  .text              ro code   0x800'4d60         2     0x4  startup_gd32f450_470.o [6]
  .text              ro code   0x800'4d64         2     0x4  startup_gd32f450_470.o [6]
  .text              ro code   0x800'4d68         2     0x4  startup_gd32f450_470.o [6]
  .text              ro code   0x800'4d6c         2     0x4  startup_gd32f450_470.o [6]
  .text              ro code   0x800'4d70         2     0x4  startup_gd32f450_470.o [6]
  .text              ro code   0x800'4d74         2     0x4  startup_gd32f450_470.o [6]
  .text              ro code   0x800'4d78         2     0x4  startup_gd32f450_470.o [6]
  .text              ro code   0x800'4d7c         2     0x4  startup_gd32f450_470.o [6]
  .text              ro code   0x800'4d80         2     0x4  startup_gd32f450_470.o [6]
  .text              ro code   0x800'4d84         2     0x4  startup_gd32f450_470.o [6]
  .text              ro code   0x800'4d88         2     0x4  startup_gd32f450_470.o [6]
  .text              ro code   0x800'4d8c         2     0x4  startup_gd32f450_470.o [6]
  .text              ro code   0x800'4d90         2     0x4  startup_gd32f450_470.o [6]
  .text              ro code   0x800'4d94         2     0x4  startup_gd32f450_470.o [6]
  .text              ro code   0x800'4d98         2     0x4  startup_gd32f450_470.o [6]
  .text              ro code   0x800'4d9c         2     0x4  startup_gd32f450_470.o [6]
  .text              ro code   0x800'4da0         2     0x4  startup_gd32f450_470.o [6]
  .text              ro code   0x800'4da4         2     0x4  startup_gd32f450_470.o [6]
  .text              ro code   0x800'4da8         2     0x4  startup_gd32f450_470.o [6]
  .text              ro code   0x800'4dac         2     0x4  startup_gd32f450_470.o [6]
  .text              ro code   0x800'4db0         2     0x4  startup_gd32f450_470.o [6]
  .text              ro code   0x800'4db4         2     0x4  startup_gd32f450_470.o [6]
  .text              ro code   0x800'4db8         2     0x4  startup_gd32f450_470.o [6]
  .text              ro code   0x800'4dbc         2     0x4  startup_gd32f450_470.o [6]
  .text              ro code   0x800'4dc0         2     0x4  startup_gd32f450_470.o [6]
  .text              ro code   0x800'4dc4         2     0x4  startup_gd32f450_470.o [6]
  .text              ro code   0x800'4dc8         2     0x4  startup_gd32f450_470.o [6]
  .text              ro code   0x800'4dcc         2     0x4  startup_gd32f450_470.o [6]
  .text              ro code   0x800'4dd0         2     0x4  startup_gd32f450_470.o [6]
  .text              ro code   0x800'4dd4         2     0x4  startup_gd32f450_470.o [6]
  .text              ro code   0x800'4dd8         2     0x4  startup_gd32f450_470.o [6]
  .text              ro code   0x800'4ddc         2     0x4  startup_gd32f450_470.o [6]
  .text              ro code   0x800'4de0         2     0x4  startup_gd32f450_470.o [6]
  .text              ro code   0x800'4de4         2     0x4  startup_gd32f450_470.o [6]
  .text              ro code   0x800'4de8         2     0x4  startup_gd32f450_470.o [6]
  .text              ro code   0x800'4dec         2     0x4  startup_gd32f450_470.o [6]
  .text              ro code   0x800'4df0         2     0x4  startup_gd32f450_470.o [6]
  .text              ro code   0x800'4df4         2     0x4  startup_gd32f450_470.o [6]
  .text              ro code   0x800'4df8         2     0x4  startup_gd32f450_470.o [6]
  .text              ro code   0x800'4dfc         2     0x4  startup_gd32f450_470.o [6]
  .text              ro code   0x800'4e00         2     0x4  startup_gd32f450_470.o [6]
  .text              ro code   0x800'4e04         2     0x4  startup_gd32f450_470.o [6]
  .text              ro code   0x800'4e08         2     0x4  startup_gd32f450_470.o [6]
  .text              ro code   0x800'4e0c         2     0x4  startup_gd32f450_470.o [6]
  .text              ro code   0x800'4e10         2     0x4  startup_gd32f450_470.o [6]
  .text              ro code   0x800'4e14         2     0x4  startup_gd32f450_470.o [6]
  .text              ro code   0x800'4e18         2     0x4  startup_gd32f450_470.o [6]
  .text              ro code   0x800'4e1c         2     0x4  startup_gd32f450_470.o [6]
  .text              ro code   0x800'4e20         2     0x4  startup_gd32f450_470.o [6]
  .text              ro code   0x800'4e24         2     0x4  startup_gd32f450_470.o [6]
  .text              ro code   0x800'4e28         2     0x4  startup_gd32f450_470.o [6]
  .text              ro code   0x800'4e2c         2     0x4  startup_gd32f450_470.o [6]
  .text              ro code   0x800'4e30         2     0x4  startup_gd32f450_470.o [6]
  .text              ro code   0x800'4e34         2     0x4  startup_gd32f450_470.o [6]
  .text              ro code   0x800'4e38         2     0x4  startup_gd32f450_470.o [6]
  .text              ro code   0x800'4e3c         2     0x4  startup_gd32f450_470.o [6]
  .text              ro code   0x800'4e40         2     0x4  startup_gd32f450_470.o [6]
  .text              ro code   0x800'4e44         2     0x4  startup_gd32f450_470.o [6]
  .text              ro code   0x800'4e48         2     0x4  startup_gd32f450_470.o [6]
  .text              ro code   0x800'4e4c         2     0x4  startup_gd32f450_470.o [6]
  .text              ro code   0x800'4e50         2     0x4  startup_gd32f450_470.o [6]
  .text              ro code   0x800'4e54         2     0x4  startup_gd32f450_470.o [6]
  .text              ro code   0x800'4e58         2     0x4  startup_gd32f450_470.o [6]
  .text              ro code   0x800'4e5c         2     0x4  startup_gd32f450_470.o [6]
  .text              ro code   0x800'4e60         2     0x4  startup_gd32f450_470.o [6]
  .text              ro code   0x800'4e64         2     0x4  startup_gd32f450_470.o [6]
  .text              ro code   0x800'4e68         2     0x4  startup_gd32f450_470.o [6]
  .text              ro code   0x800'4e6c         2     0x4  startup_gd32f450_470.o [6]
  .text              ro code   0x800'4e70         2     0x4  startup_gd32f450_470.o [6]
  .text              ro code   0x800'4e74         2     0x4  startup_gd32f450_470.o [6]
  .text              ro code   0x800'4e78         4     0x0  cstart_closeall.o [10]
  .rodata            const     0x800'4e78               0x0  zero_init3.o [10]
  .rodata            const     0x800'4e78               0x0  lz77_init_single.o [10]
  Initializer bytes  const     0x800'4e78              0xf0  <for P2-1>
                             - 0x800'4f68            0x4dbc

"P2", part 1 of 3:                                    0x1d7
  P2-1                        0x2000'0000             0x1d7  <Init block>
    .data            inited   0x2000'0000         4    0xa0  00_MENU.o [1]
    .data            inited   0x2000'00a0         4     0x4  system_gd32f4xx.o [3]
    .data            inited   0x2000'00a4         4    0x38  xlocale_c.o [8]
    .data            inited   0x2000'00dc         4    0x48  xfiles.o [8]
    .data            inited   0x2000'0124         4    0x48  xfiles.o [8]
    .data            inited   0x2000'016c         4    0x48  xfiles.o [8]
    .data            inited   0x2000'01b4         4    0x20  xfiles.o [8]
    .data            inited   0x2000'01d4         2     0x2  Ex2_I2c.o [1]
    .data            inited   0x2000'01d6               0x1  Ex7_dci.o [1]
                            - 0x2000'01d7             0x1d7

"P2", part 2 of 3:                                   0x64d0
  .bss               zero     0x2000'01d8         4  0x4600  Ex7_dci.o [1]
  .bss               zero     0x2000'47d8         4  0x1d60  Ex7_dci.o [1]
  .bss               zero     0x2000'6538         4    0x54  xxwritebuffered.o [8]
  .bss               zero     0x2000'658c         4    0x50  xfiles.o [8]
  .bss               zero     0x2000'65dc         4    0x50  xfiles.o [8]
  .bss               zero     0x2000'662c         4    0x30  Ex2_I2c.o [1]
  .bss               zero     0x2000'665c         4    0x10  Ex2_I2c.o [1]
  .bss               zero     0x2000'666c         4     0x4  Ex2_I2c.o [1]
  .bss               zero     0x2000'6670         4     0x4  Ex2_I2c.o [1]
  .bss               zero     0x2000'6674         4     0x4  Ex2_I2c.o [1]
  .bss               zero     0x2000'6678         4     0x4  Ex2_I2c.o [1]
  .bss               zero     0x2000'667c         4     0x4  main.o [5]
  .bss               zero     0x2000'6680         4     0x4  systick.o [5]
  .bss               zero     0x2000'6684         4     0x4  xfail_s.o [8]
  .bss               zero     0x2000'6688         2     0x2  Ex2_I2c.o [1]
  .bss               zero     0x2000'668a         2     0x2  Ex2_I2c.o [1]
  .bss               zero     0x2000'668c         2     0x2  Ex2_I2c.o [1]
  .bss               zero     0x2000'668e         2     0x2  Ex2_I2c.o [1]
  .bss               zero     0x2000'6690         2     0x2  Ex2_I2c.o [1]
  .bss               zero     0x2000'6692         2     0x2  Ex2_I2c.o [1]
  .bss               zero     0x2000'6694         2     0x2  Ex2_I2c.o [1]
  .bss               zero     0x2000'6696         2     0x2  Ex2_I2c.o [1]
  .bss               zero     0x2000'6698         2     0x2  Ex2_I2c.o [1]
  .bss               zero     0x2000'669a         2     0x2  Ex2_I2c.o [1]
  .bss               zero     0x2000'669c         2     0x2  Ex2_I2c.o [1]
  .bss               zero     0x2000'669e         2     0x2  hsp_timer.o [2]
  .bss               zero     0x2000'66a0               0x1  Ex2_I2c.o [1]
  .bss               zero     0x2000'66a1               0x1  Ex2_I2c.o [1]
  .bss               zero     0x2000'66a2               0x1  Ex7_dci.o [1]
  .bss               zero     0x2000'66a3               0x1  main.o [5]
  .bss               zero     0x2000'66a4               0x1  main.o [5]
                            - 0x2000'66a5            0x64cd

"P2", part 3 of 3:                                   0x2000
  CSTACK                      0x2000'66a8         8  0x2000  <Block>
    CSTACK           uninit   0x2000'66a8            0x2000  <Block tail>
                            - 0x2000'86a8            0x2000

Absolute sections:                                   0x5820
  .bss               zero     0x2003'0000            0x5820  main.o [5]
                            - 0x2003'5820            0x5820

Unused ranges:

         From           To      Size
         ----           --      ----
   0x800'4f68   0x80f'ffff  0xf'b098
  0x2000'01d7  0x2000'01d7       0x1
  0x2000'86a8  0x2002'ffff  0x2'7958
  0x2003'5820  0x2006'ffff  0x3'a7e0


*******************************************************************************
*** INIT TABLE
***

          Address      Size
          -------      ----
Zero (__iar_zero_init3)
    2 destination ranges, total size 0xbced:
          0x2000'01d8  0x64cd
          0x2003'0000  0x5820

Copy/lz77 (__iar_lz77_init_single3)
    1 source range, total size 0xf0 (50% of destination):
           0x800'4e78    0xf0
    1 destination range, total size 0x1d7:
          0x2000'0000   0x1d7



*******************************************************************************
*** MODULE SUMMARY
***

    Module                  ro code  ro data  rw data  rw data
                                                        (abs)
    ------                  -------  -------  -------  -------
command line/config:
    ----------------------------------------------------------
    Total:

D:\Files\SJTU\second_second\engineering4-D\HSP\HSP_C4\HSP_C3\Debug\Obj\App_2489385672134236918.dir: [1]
    00_MENU.o                   312      113      160
    Ex2_I2c.o                 1'104        1      106
    Ex7_dci.o                              1   25'442
    ----------------------------------------------------------
    Total:                    1'416      115   25'708

D:\Files\SJTU\second_second\engineering4-D\HSP\HSP_C4\HSP_C3\Debug\Obj\Board_7221520210927654578.dir: [2]
    hsp_dci.o                   272
    hsp_gpio.o                  412
    hsp_i2c.o                   300
    hsp_spi.o                   240
    hsp_timer.o                 200                 2
    ----------------------------------------------------------
    Total:                    1'424                 2

D:\Files\SJTU\second_second\engineering4-D\HSP\HSP_C4\HSP_C3\Debug\Obj\CMSIS_13545061835669826545.dir: [3]
    system_gd32f4xx.o           348        2        4
    ----------------------------------------------------------
    Total:                      348        2        4

D:\Files\SJTU\second_second\engineering4-D\HSP\HSP_C4\HSP_C3\Debug\Obj\GD32F470_Peripherals_11143062579488607573.dir: [4]
    gd32f4xx_dma.o            1'492
    gd32f4xx_exti.o              32
    gd32f4xx_gpio.o             378
    gd32f4xx_i2c.o              560
    gd32f4xx_rcu.o              328       32
    gd32f4xx_spi.o              106
    gd32f4xx_timer.o            716
    gd32f4xx_usart.o             46
    ----------------------------------------------------------
    Total:                    3'658       32

D:\Files\SJTU\second_second\engineering4-D\HSP\HSP_C4\HSP_C3\Debug\Obj\Main_13238667732884069010.dir: [5]
    gd32f4xx_it.o               268
    main.o                      128       20        6   22'560
    systick.o                   184                 4
    ----------------------------------------------------------
    Total:                      580       20       10   22'560

D:\Files\SJTU\second_second\engineering4-D\HSP\HSP_C4\HSP_C3\Debug\Obj\Startup_17868067532763321386.dir: [6]
    startup_gd32f450_470.o      788
    ----------------------------------------------------------
    Total:                      788

D:\Files\SJTU\second_second\engineering4-D\HSP\HSP_C4\HSP_C3\Debug\Obj\Utilities_17002154029713865955.dir: [7]
    HSP_CAT9555.o                52
    HSP_MMA8451.o             1'216       24
    HSP_TFT18.o               1'068    1'520
    HSP_WRITE.o                  60
    ----------------------------------------------------------
    Total:                    2'396    1'544

dl7M_tlf.a: [8]
    abort.o                       6
    exit.o                        4
    low_level_init.o              4
    printf.o                     40
    putchar.o                    68
    xcloseall.o                  64
    xfail_s.o                    64                 4
    xfiles.o                             126      408
    xlocale_c.o                   8       32       56
    xprintffull_nomb.o        3'786
    xprout.o                     22
    xxwritebuffered.o           184                84
    ----------------------------------------------------------
    Total:                    4'250      158      552

m7M_tls.a: [9]
    DblAddSub.o                 590
    DblCmpGe.o                   52
    DblCmpLe.o                   52
    DblDiv.o                    582
    DblMul.o                    426
    DblToS32.o                   54
    DblToU32.o                   34
    S32ToDbl.o                   34
    U32ToDbl.o                   28
    fpinit_M.o                   34
    frexp.o                     112
    ldexp.o                     314
    ----------------------------------------------------------
    Total:                    2'312

rt7M_tl.a: [10]
    ABImemcpy.o                 166
    I64DivMod.o                 560
    I64DivZer.o                   2
    cexit.o                      14
    cmain.o                      30
    cstart_closeall.o
    cstartup_M.o                 28
    data_init.o                  42
    lz77_init_single.o          126
    memchr.o                     88
    strchr.o                     22
    strlen.o                     54
    zero_init3.o                 56
    ----------------------------------------------------------
    Total:                    1'188

shb_l.a: [11]
    exit.o                       20
    ----------------------------------------------------------
    Total:                       20

    Gaps                         33        4
    Linker created                        40    8'192
--------------------------------------------------------------
    Grand Total:             18'413    1'915   34'468   22'560


*******************************************************************************
*** ENTRY LIST
***

Entry                       Address    Size  Type      Object
-----                       -------    ----  ----      ------
.iar.init_table$$Base    0x800'4c10           --   Gb  - Linker created -
.iar.init_table$$Limit   0x800'4c38           --   Gb  - Linker created -
?main                    0x800'4c59          Code  ??  cmain.o [10]
ADC_IRQHandler           0x800'4d69          Code  Wk  startup_gd32f450_470.o [6]
BusFault_Handler         0x800'473f     0x2  Code  ??  gd32f4xx_it.o [5]
CAN0_EWMC_IRQHandler     0x800'4d79          Code  Wk  startup_gd32f450_470.o [6]
CAN0_RX0_IRQHandler      0x800'4d71          Code  Wk  startup_gd32f450_470.o [6]
CAN0_RX1_IRQHandler      0x800'4d75          Code  Wk  startup_gd32f450_470.o [6]
CAN0_TX_IRQHandler       0x800'4d6d          Code  Wk  startup_gd32f450_470.o [6]
CAN1_EWMC_IRQHandler     0x800'4e21          Code  Wk  startup_gd32f450_470.o [6]
CAN1_RX0_IRQHandler      0x800'4e19          Code  Wk  startup_gd32f450_470.o [6]
CAN1_RX1_IRQHandler      0x800'4e1d          Code  Wk  startup_gd32f450_470.o [6]
CAN1_TX_IRQHandler       0x800'4e15          Code  Wk  startup_gd32f450_470.o [6]
CSTACK$$Base            0x2000'66a8           --   Gb  - Linker created -
CSTACK$$Limit           0x2000'86a8           --   ??  - Linker created -
DCI_IRQHandler           0x800'4e4d          Code  Wk  startup_gd32f450_470.o [6]
DMA0_Channel0_IRQHandler
                         0x800'4d4d          Code  Wk  startup_gd32f450_470.o [6]
DMA0_Channel1_IRQHandler
                         0x800'4d51          Code  Wk  startup_gd32f450_470.o [6]
DMA0_Channel2_IRQHandler
                         0x800'4d55          Code  Wk  startup_gd32f450_470.o [6]
DMA0_Channel3_IRQHandler
                         0x800'4d59          Code  Wk  startup_gd32f450_470.o [6]
DMA0_Channel4_IRQHandler
                         0x800'4d5d          Code  Wk  startup_gd32f450_470.o [6]
DMA0_Channel5_IRQHandler
                         0x800'4d61          Code  Wk  startup_gd32f450_470.o [6]
DMA0_Channel6_IRQHandler
                         0x800'4d65          Code  Wk  startup_gd32f450_470.o [6]
DMA0_Channel7_IRQHandler
                         0x800'4dd9          Code  Wk  startup_gd32f450_470.o [6]
DMA1_Channel0_IRQHandler
                         0x800'4df9          Code  Wk  startup_gd32f450_470.o [6]
DMA1_Channel1_IRQHandler
                         0x800'4dfd          Code  Wk  startup_gd32f450_470.o [6]
DMA1_Channel2_IRQHandler
                         0x800'4e01          Code  Wk  startup_gd32f450_470.o [6]
DMA1_Channel3_IRQHandler
                         0x800'4e05          Code  Wk  startup_gd32f450_470.o [6]
DMA1_Channel4_IRQHandler
                         0x800'4e09          Code  Wk  startup_gd32f450_470.o [6]
DMA1_Channel5_IRQHandler
                         0x800'4e29          Code  Wk  startup_gd32f450_470.o [6]
DMA1_Channel6_IRQHandler
                         0x800'4e2d          Code  Wk  startup_gd32f450_470.o [6]
DMA1_Channel7_IRQHandler
                         0x800'4629    0xf2  Code  ??  hsp_dci.o [2]
DebugMon_Handler         0x800'4745     0x2  Code  ??  gd32f4xx_it.o [5]
ENET_IRQHandler          0x800'4e0d          Code  Wk  startup_gd32f450_470.o [6]
ENET_WKUP_IRQHandler     0x800'4e11          Code  Wk  startup_gd32f450_470.o [6]
EXMC_IRQHandler          0x800'4ddd          Code  Wk  startup_gd32f450_470.o [6]
EXTI0_IRQHandler         0x800'4d39          Code  Wk  startup_gd32f450_470.o [6]
EXTI10_15_IRQHandler     0x800'4759    0xe0  Code  ??  gd32f4xx_it.o [5]
EXTI1_IRQHandler         0x800'4d3d          Code  Wk  startup_gd32f450_470.o [6]
EXTI2_IRQHandler         0x800'4d41          Code  Wk  startup_gd32f450_470.o [6]
EXTI3_IRQHandler         0x800'4d45          Code  Wk  startup_gd32f450_470.o [6]
EXTI4_IRQHandler         0x800'4d49          Code  Wk  startup_gd32f450_470.o [6]
EXTI5_9_IRQHandler       0x800'4d7d          Code  Wk  startup_gd32f450_470.o [6]
Ex2_4_mems               0x800'35e9   0x17e  Code  ??  Ex2_I2c.o [1]
FMC_IRQHandler           0x800'4d31          Code  Wk  startup_gd32f450_470.o [6]
FPU_IRQHandler           0x800'4e55          Code  Wk  startup_gd32f450_470.o [6]
HardFault_Handler        0x800'473b     0x2  Code  ??  gd32f4xx_it.o [5]
I2C0_ER_IRQHandler       0x800'4da1          Code  Wk  startup_gd32f450_470.o [6]
I2C0_EV_IRQHandler       0x800'4d9d          Code  Wk  startup_gd32f450_470.o [6]
I2C1_ER_IRQHandler       0x800'4da9          Code  Wk  startup_gd32f450_470.o [6]
I2C1_EV_IRQHandler       0x800'4da5          Code  Wk  startup_gd32f450_470.o [6]
I2C2_ER_IRQHandler       0x800'4e39          Code  Wk  startup_gd32f450_470.o [6]
I2C2_EV_IRQHandler       0x800'4e35          Code  Wk  startup_gd32f450_470.o [6]
IPA_IRQHandler           0x800'4e75          Code  Wk  startup_gd32f450_470.o [6]
LVD_IRQHandler           0x800'4d25          Code  Wk  startup_gd32f450_470.o [6]
MemManage_Handler        0x800'473d     0x2  Code  ??  gd32f4xx_it.o [5]
MenuCursor16x16          0x800'4c38    0x20  Data  ??  00_MENU.o [1]
NMI_Handler              0x800'4739     0x2  Code  ??  gd32f4xx_it.o [5]
NVIC_SetPriority         0x800'3cdd    0x2c  Code  Lc  systick.o [5]
PendSV_Handler           0x800'4747     0x2  Code  ??  gd32f4xx_it.o [5]
RCU_CTC_IRQHandler       0x800'4d35          Code  Wk  startup_gd32f450_470.o [6]
RES_value               0x2000'66a3     0x1  Data  ??  main.o [5]
RTC_Alarm_IRQHandler     0x800'4dc1          Code  Wk  startup_gd32f450_470.o [6]
RTC_WKUP_IRQHandler      0x800'4d2d          Code  Wk  startup_gd32f450_470.o [6]
Region$$Table$$Base      0x800'4c10           --   ??  - Linker created -
Region$$Table$$Limit     0x800'4c38           --   ??  - Linker created -
Reset_Handler            0x800'4d01          Code  Wk  startup_gd32f450_470.o [6]
SDIO_IRQHandler          0x800'4de1          Code  Wk  startup_gd32f450_470.o [6]
SPI0_IRQHandler          0x800'4dad          Code  Wk  startup_gd32f450_470.o [6]
SPI1_IRQHandler          0x800'4db1          Code  Wk  startup_gd32f450_470.o [6]
SPI2_IRQHandler          0x800'4de9          Code  Wk  startup_gd32f450_470.o [6]
SPI3_IRQHandler          0x800'4e61          Code  Wk  startup_gd32f450_470.o [6]
SPI4_IRQHandler          0x800'4e65          Code  Wk  startup_gd32f450_470.o [6]
SPI5_IRQHandler          0x800'4e69          Code  Wk  startup_gd32f450_470.o [6]
SVC_Handler              0x800'4743     0x2  Code  ??  gd32f4xx_it.o [5]
SysTick_Config           0x800'3d09    0x30  Code  Lc  systick.o [5]
SysTick_Handler          0x800'4749    0x10  Code  ??  gd32f4xx_it.o [5]
SystemCoreClock         0x2000'00a0     0x4  Data  ??  system_gd32f4xx.o [3]
SystemInit               0x800'4269    0x82  Code  ??  system_gd32f4xx.o [3]
TAMPER_STAMP_IRQHandler
                         0x800'4d29          Code  Wk  startup_gd32f450_470.o [6]
THRESHOLD               0x2000'01d4     0x2  Data  ??  Ex2_I2c.o [1]
TIMER0_BRK_TIMER8_IRQHandler
                         0x800'4d81          Code  Wk  startup_gd32f450_470.o [6]
TIMER0_Channel_IRQHandler
                         0x800'4d8d          Code  Wk  startup_gd32f450_470.o [6]
TIMER0_TRG_CMT_TIMER10_IRQHandler
                         0x800'4d89          Code  Wk  startup_gd32f450_470.o [6]
TIMER0_UP_TIMER9_IRQHandler
                         0x800'4d85          Code  Wk  startup_gd32f450_470.o [6]
TIMER1_IRQHandler        0x800'4d91          Code  Wk  startup_gd32f450_470.o [6]
TIMER2_IRQHandler        0x800'4d95          Code  Wk  startup_gd32f450_470.o [6]
TIMER3_IRQHandler        0x800'4d99          Code  Wk  startup_gd32f450_470.o [6]
TIMER4_IRQHandler        0x800'4de5          Code  Wk  startup_gd32f450_470.o [6]
TIMER5_DAC_IRQHandler    0x800'4df5          Code  Wk  startup_gd32f450_470.o [6]
TIMER6_IRQHandler        0x800'4865    0x34  Code  ??  hsp_timer.o [2]
TIMER7_BRK_TIMER11_IRQHandler
                         0x800'4dc9          Code  Wk  startup_gd32f450_470.o [6]
TIMER7_Channel_IRQHandler
                         0x800'4dd5          Code  Wk  startup_gd32f450_470.o [6]
TIMER7_TRG_CMT_TIMER13_IRQHandler
                         0x800'4dd1          Code  Wk  startup_gd32f450_470.o [6]
TIMER7_UP_TIMER12_IRQHandler
                         0x800'4dcd          Code  Wk  startup_gd32f450_470.o [6]
TLI_ER_IRQHandler        0x800'4e71          Code  Wk  startup_gd32f450_470.o [6]
TLI_IRQHandler           0x800'4e6d          Code  Wk  startup_gd32f450_470.o [6]
TRNG_IRQHandler          0x800'4e51          Code  Wk  startup_gd32f450_470.o [6]
UART3_IRQHandler         0x800'4ded          Code  Wk  startup_gd32f450_470.o [6]
UART4_IRQHandler         0x800'4df1          Code  Wk  startup_gd32f450_470.o [6]
UART6_IRQHandler         0x800'4e59          Code  Wk  startup_gd32f450_470.o [6]
UART7_IRQHandler         0x800'4e5d          Code  Wk  startup_gd32f450_470.o [6]
USART0_IRQHandler        0x800'4db5          Code  Wk  startup_gd32f450_470.o [6]
USART1_IRQHandler        0x800'4db9          Code  Wk  startup_gd32f450_470.o [6]
USART2_IRQHandler        0x800'4dbd          Code  Wk  startup_gd32f450_470.o [6]
USART5_IRQHandler        0x800'4e31          Code  Wk  startup_gd32f450_470.o [6]
USBFS_IRQHandler         0x800'4e25          Code  Wk  startup_gd32f450_470.o [6]
USBFS_WKUP_IRQHandler    0x800'4dc5          Code  Wk  startup_gd32f450_470.o [6]
USBHS_EP1_In_IRQHandler
                         0x800'4e41          Code  Wk  startup_gd32f450_470.o [6]
USBHS_EP1_Out_IRQHandler
                         0x800'4e3d          Code  Wk  startup_gd32f450_470.o [6]
USBHS_IRQHandler         0x800'4e49          Code  Wk  startup_gd32f450_470.o [6]
USBHS_WKUP_IRQHandler    0x800'4e45          Code  Wk  startup_gd32f450_470.o [6]
UsageFault_Handler       0x800'4741     0x2  Code  ??  gd32f4xx_it.o [5]
WWDGT_IRQHandler         0x800'4d21          Code  Wk  startup_gd32f450_470.o [6]
_Close_all               0x800'4b49    0x40  Code  ??  xcloseall.o [8]
_Files                  0x2000'01b4    0x20  Data  ??  xfiles.o [8]
_LC                      0x800'01ad     0x6  Code  Lc  xprintffull_nomb.o [8]
_LitobFullNoMb           0x800'0e99   0x10c  Code  Lc  xprintffull_nomb.o [8]
_Locale_lconv           0x2000'00a4    0x38  Data  Lc  xlocale_c.o [8]
_PrintfFullNoMb          0x800'01b3   0xcb6  Code  ??  xprintffull_nomb.o [8]
_Prout                   0x800'4cc5    0x16  Code  ??  xprout.o [8]
_PutcharsFullNoMb        0x800'1001    0x2e  Code  Lc  xprintffull_nomb.o [8]
__aeabi_cdcmple          0x800'12f5          Code  ??  DblCmpLe.o [9]
__aeabi_cdrcmple         0x800'1329          Code  ??  DblCmpGe.o [9]
__aeabi_d2iz             0x800'1499          Code  ??  DblToS32.o [9]
__aeabi_d2uiz            0x800'198d          Code  ??  DblToU32.o [9]
__aeabi_ddiv             0x800'1745          Code  ??  DblDiv.o [9]
__aeabi_dmul             0x800'19cd          Code  ??  DblMul.o [9]
__aeabi_dsub             0x800'1661          Code  ??  DblAddSub.o [9]
__aeabi_i2d              0x800'14d1          Code  ??  S32ToDbl.o [9]
__aeabi_ldiv0            0x800'1db9          Code  ??  I64DivZer.o [10]
__aeabi_memcpy           0x800'11dd          Code  ??  ABImemcpy.o [10]
__aeabi_memcpy4          0x800'11fd          Code  ??  ABImemcpy.o [10]
__aeabi_memcpy8          0x800'11fd          Code  ??  ABImemcpy.o [10]
__aeabi_ui2d             0x800'19b1          Code  ??  U32ToDbl.o [9]
__aeabi_uldivmod         0x800'1b81          Code  ??  I64DivMod.o [10]
__cexit_closeall         0x800'4c83          Code  ??  cexit.o [10]
__cmain                  0x800'4c59          Code  ??  cmain.o [10]
__cstart_closeall        0x800'4e78          Data  ??  cstart_closeall.o [10]
__dwrite                 0x800'49e5    0x3c  Code  ??  HSP_WRITE.o [7]
__exit                   0x800'1dbd    0x14  Code  ??  exit.o [11]
__iar_Fail_s             0x800'110d    0x1c  Code  ??  xfail_s.o [8]
__iar_Memchr             0x800'1185          Code  ??  memchr.o [10]
__iar_Stderr            0x2000'016c    0x48  Data  ??  xfiles.o [8]
__iar_Stdin             0x2000'00dc    0x48  Data  ??  xfiles.o [8]
__iar_Stdout            0x2000'0124    0x48  Data  ??  xfiles.o [8]
__iar_Strchr             0x800'10f5          Code  ??  strchr.o [10]
__iar_data_init3         0x800'4bc1    0x18  Code  ??  data_init.o [10]
__iar_frexp              0x800'1291          Code  ??  frexp.o [9]
__iar_frexpl             0x800'1291          Code  ??  frexp.o [9]
__iar_init_vfp           0x800'4bed          Code  ??  fpinit_M.o [9]
__iar_ldexp64            0x800'135d          Code  ??  ldexp.o [9]
__iar_lz77_init_single3
                         0x800'1077    0x7e  Code  ??  lz77_init_single.o [10]
__iar_program_start      0x800'4c91          Code  ??  cstartup_M.o [10]
__iar_scalbln64          0x800'135d          Code  ??  ldexp.o [9]
__iar_scalbn64           0x800'135d          Code  ??  ldexp.o [9]
__iar_softfp___iar_frexp64
                         0x800'1285          Code  ??  frexp.o [9]
__iar_softfp_frexp       0x800'1285          Code  ??  frexp.o [9]
__iar_softfp_frexpl      0x800'1285          Code  ??  frexp.o [9]
__iar_zero_init3         0x800'4b89    0x38  Code  ??  zero_init3.o [10]
__low_level_init         0x800'4c77     0x4  Code  ??  low_level_init.o [8]
__vector_table           0x800'0000          Data  ??  startup_gd32f450_470.o [6]
__write_buffered         0x800'492d    0xb8  Code  ??  xxwritebuffered.o [8]
_call_main               0x800'4c65          Code  ??  cmain.o [10]
_exit                    0x800'4c81          Code  ??  cexit.o [10]
abort                    0x800'1db1     0x6  Code  ??  abort.o [8]
acc_x                   0x2000'6688     0x2  Data  ??  Ex2_I2c.o [1]
acc_y                   0x2000'668a     0x2  Data  ??  Ex2_I2c.o [1]
acc_z                   0x2000'668c     0x2  Data  ??  Ex2_I2c.o [1]
add_to_window            0x800'33b1    0x38  Code  ??  Ex2_I2c.o [1]
board_init               0x800'4a51    0x18  Code  ??  main.o [5]
delay                   0x2000'6680     0x4  Data  Lc  systick.o [5]
delay_1ms                0x800'3d5d     0xc  Code  ??  systick.o [5]
delay_decrement          0x800'3d69    0x10  Code  ??  systick.o [5]
delta_accx              0x2000'6694     0x2  Data  ??  Ex2_I2c.o [1]
delta_accy              0x2000'6696     0x2  Data  ??  Ex2_I2c.o [1]
delta_accz              0x2000'6698     0x2  Data  ??  Ex2_I2c.o [1]
detect_step              0x800'33e9   0x1a8  Code  ??  Ex2_I2c.o [1]
display_results          0x800'3591    0x58  Code  ??  Ex2_I2c.o [1]
dma_channel_disable      0x800'263d    0x24  Code  ??  gd32f4xx_dma.o [4]
dma_channel_enable       0x800'2619    0x24  Code  ??  gd32f4xx_dma.o [4]
dma_channel_subperipheral_select
                         0x800'2661    0x2c  Code  ??  gd32f4xx_dma.o [4]
dma_circulation_disable
                         0x800'25f5    0x24  Code  ??  gd32f4xx_dma.o [4]
dma_deinit               0x800'23c1    0xd0  Code  ??  gd32f4xx_dma.o [4]
dma_interrupt_flag_clear
                         0x800'2937    0x5e  Code  ??  gd32f4xx_dma.o [4]
dma_interrupt_flag_get   0x800'268d   0x2aa  Code  ??  gd32f4xx_dma.o [4]
dma_single_data_mode_init
                         0x800'2491   0x160  Code  ??  gd32f4xx_dma.o [4]
ebuf                    0x2000'658c    0x50  Data  Lc  xfiles.o [8]
exit                     0x800'4c7b     0x4  Code  ??  exit.o [8]
exti_interrupt_flag_clear
                         0x800'4857     0x6  Code  ??  gd32f4xx_exti.o [4]
exti_interrupt_flag_get
                         0x800'4845    0x12  Code  ??  gd32f4xx_exti.o [4]
filter_buffer           0x2000'665c    0x10  Data  ??  Ex2_I2c.o [1]
filter_index            0x2000'6670     0x4  Data  ??  Ex2_I2c.o [1]
gpio_af_set              0x800'30b5    0x82  Code  ??  gd32f4xx_gpio.o [4]
gpio_bit_reset           0x800'3099     0x8  Code  ??  gd32f4xx_gpio.o [4]
gpio_bit_set             0x800'3091     0x8  Code  ??  gd32f4xx_gpio.o [4]
gpio_bit_toggle          0x800'3137     0x8  Code  ??  gd32f4xx_gpio.o [4]
gpio_input_bit_get       0x800'30a1    0x14  Code  ??  gd32f4xx_gpio.o [4]
gpio_mode_set            0x800'2fc5    0x6c  Code  ??  gd32f4xx_gpio.o [4]
gpio_output_options_set
                         0x800'3031    0x60  Code  ??  gd32f4xx_gpio.o [4]
hsp_cat9555_init         0x800'4ad1    0x34  Code  ??  HSP_CAT9555.o [7]
hsp_counter_init         0x800'4899    0x7e  Code  ??  hsp_timer.o [2]
hsp_gpio_init            0x800'40cd   0x184  Code  ??  hsp_gpio.o [2]
hsp_i2c_init             0x800'44fd    0x6c  Code  ??  hsp_i2c.o [2]
hsp_i2c_mma8451_init     0x800'29cd    0x6e  Code  ??  HSP_MMA8451.o [7]
hsp_i2c_write_2byte      0x800'4569    0xb2  Code  ??  hsp_i2c.o [2]
hsp_menu_loop            0x800'43c5    0x76  Code  ??  00_MENU.o [1]
hsp_mma8451_config       0x800'2995    0x38  Code  ??  HSP_MMA8451.o [7]
hsp_mma8451_read_byte    0x800'2a3b   0x158  Code  ??  HSP_MMA8451.o [7]
hsp_mma8451_read_nbyte   0x800'2b93   0x1b2  Code  ??  HSP_MMA8451.o [7]
hsp_mma8451_write_byte   0x800'2d45    0xfc  Code  ??  HSP_MMA8451.o [7]
hsp_spi_dma_config       0x800'3c6b    0x62  Code  ??  hsp_spi.o [2]
hsp_spi_init             0x800'3bed    0x7e  Code  ??  hsp_spi.o [2]
hsp_spi_write_byte       0x800'38c1    0x22  Code  Lc  HSP_TFT18.o [7]
hsp_tft18_clear          0x800'3975    0x38  Code  ??  HSP_TFT18.o [7]
hsp_tft18_init           0x800'37c1   0x100  Code  ??  HSP_TFT18.o [7]
hsp_tft18_set_region     0x800'3937    0x3e  Code  ??  HSP_TFT18.o [7]
hsp_tft18_show_char      0x800'39ad    0x80  Code  ??  HSP_TFT18.o [7]
hsp_tft18_show_char_color
                         0x800'3a2d    0x8a  Code  ??  HSP_TFT18.o [7]
hsp_tft18_show_int16_color
                         0x800'3af1    0xee  Code  ??  HSP_TFT18.o [7]
hsp_tft18_show_str       0x800'3ab7    0x36  Code  ??  HSP_TFT18.o [7]
hsp_tft18_write_2byte    0x800'3913    0x24  Code  ??  HSP_TFT18.o [7]
hsp_tft18_write_byte     0x800'38fb    0x18  Code  ??  HSP_TFT18.o [7]
hsp_tft18_write_cmd      0x800'38e3    0x18  Code  ??  HSP_TFT18.o [7]
i2c_ack_config           0x800'3297     0xe  Code  ??  gd32f4xx_i2c.o [4]
i2c_analog_noise_filter_enable
                         0x800'32ef    0x12  Code  ??  gd32f4xx_i2c.o [4]
i2c_clock_config         0x800'3141   0x136  Code  ??  gd32f4xx_i2c.o [4]
i2c_data_receive         0x800'32e7     0x8  Code  ??  gd32f4xx_i2c.o [4]
i2c_data_transmit        0x800'32db     0xc  Code  ??  gd32f4xx_i2c.o [4]
i2c_enable               0x800'32bd     0xa  Code  ??  gd32f4xx_i2c.o [4]
i2c_flag_clear           0x800'3321    0x42  Code  ??  gd32f4xx_i2c.o [4]
i2c_flag_get             0x800'3301    0x20  Code  ??  gd32f4xx_i2c.o [4]
i2c_master_addressing    0x800'32a5    0x18  Code  ??  gd32f4xx_i2c.o [4]
i2c_mode_addr_config     0x800'3277    0x20  Code  ??  gd32f4xx_i2c.o [4]
i2c_start_on_bus         0x800'32c7     0xa  Code  ??  gd32f4xx_i2c.o [4]
i2c_stop_on_bus          0x800'32d1     0xa  Code  ??  gd32f4xx_i2c.o [4]
image2_use              0x2000'47d8  0x1d60  Data  ??  Ex7_dci.o [1]
image_raw               0x2003'0000  0x5820  Data  ??  main.o [5]
image_ready             0x2000'66a2     0x1  Data  ??  Ex7_dci.o [1]
image_size              0x2000'01d6     0x1  Data  ??  Ex7_dci.o [1]
image_use               0x2000'01d8  0x4600  Data  ??  Ex7_dci.o [1]
last_step_time          0x2000'6678     0x4  Data  ??  Ex2_I2c.o [1]
ldexp                    0x800'135d          Code  ??  ldexp.o [9]
ldexpl                   0x800'135d          Code  ??  ldexp.o [9]
localeconv               0x800'1b79     0x4  Code  ??  xlocale_c.o [8]
low_pass_filter          0x800'3371    0x40  Code  ??  Ex2_I2c.o [1]
main                     0x800'4a69    0x52  Code  ??  main.o [5]
max_delta               0x2000'669a     0x2  Data  ??  Ex2_I2c.o [1]
memchr                   0x800'1185          Code  ??  memchr.o [10]
menu_id                 0x2000'66a4     0x1  Data  ??  main.o [5]
menu_item0              0x2000'0000    0xa0  Data  ??  00_MENU.o [1]
obuf                    0x2000'65dc    0x50  Data  Lc  xfiles.o [8]
pit_counter1            0x2000'669e     0x2  Data  Lc  hsp_timer.o [2]
prev_acc_x              0x2000'668e     0x2  Data  ??  Ex2_I2c.o [1]
prev_acc_y              0x2000'6690     0x2  Data  ??  Ex2_I2c.o [1]
prev_acc_z              0x2000'6692     0x2  Data  ??  Ex2_I2c.o [1]
printf                   0x800'2e55    0x28  Code  ??  printf.o [8]
putchar                  0x800'4b05    0x44  Code  ??  putchar.o [8]
rcu_clock_freq_get       0x800'2ea5   0x100  Code  ??  gd32f4xx_rcu.o [4]
rcu_periph_clock_enable
                         0x800'2e7d    0x28  Code  ??  gd32f4xx_rcu.o [4]
scalbln                  0x800'135d          Code  ??  ldexp.o [9]
scalblnl                 0x800'135d          Code  ??  ldexp.o [9]
scalbn                   0x800'135d          Code  ??  ldexp.o [9]
scalbnl                  0x800'135d          Code  ??  ldexp.o [9]
scale                    0x800'0fab    0x46  Code  Lc  xprintffull_nomb.o [8]
sec_hand                0x2000'6684     0x4  Data  Lc  xfail_s.o [8]
show_menu_cursor         0x800'443b    0xb6  Code  ??  00_MENU.o [1]
spi_dma_enable           0x800'3ddb    0x24  Code  ??  gd32f4xx_spi.o [4]
spi_enable               0x800'3dd1     0xa  Code  ??  gd32f4xx_spi.o [4]
spi_init                 0x800'3d95    0x3c  Code  ??  gd32f4xx_spi.o [4]
step_count              0x2000'666c     0x4  Data  ??  Ex2_I2c.o [1]
step_detected           0x2000'66a0     0x1  Data  ??  Ex2_I2c.o [1]
step_flag               0x2000'669c     0x2  Data  ??  Ex2_I2c.o [1]
step_upward             0x2000'66a1     0x1  Data  ??  Ex2_I2c.o [1]
store                   0x2000'6538    0x50  Data  Lc  xxwritebuffered.o [8]
storeLen                0x2000'6588     0x4  Data  Lc  xxwritebuffered.o [8]
strchr                   0x800'10f5          Code  ??  strchr.o [10]
strlen                   0x800'114d          Code  ??  strlen.o [10]
sys_tick_counter        0x2000'667c     0x4  Data  ??  main.o [5]
system_clock_240m_8m_hxtal
                         0x800'42f3    0xa4  Code  Lc  system_gd32f4xx.o [3]
system_clock_config      0x800'42eb     0x8  Code  Lc  system_gd32f4xx.o [3]
systick_config           0x800'3d39    0x24  Code  ??  systick.o [5]
tft_ascii                0x800'1dd0   0x5f0  Data  ??  HSP_TFT18.o [7]
timer_counter_read       0x800'3eab     0xc  Code  ??  gd32f4xx_timer.o [4]
timer_enable             0x800'3ea1     0xa  Code  ??  gd32f4xx_timer.o [4]
timer_external_clock_mode0_config
                         0x800'406b    0x38  Code  ??  gd32f4xx_timer.o [4]
timer_external_trigger_as_external_clock_config
                         0x800'3f2b   0x140  Code  ??  gd32f4xx_timer.o [4]
timer_external_trigger_config
                         0x800'3ef5    0x36  Code  ??  gd32f4xx_timer.o [4]
timer_init               0x800'3e01    0xa0  Code  ??  gd32f4xx_timer.o [4]
timer_input_trigger_source_select
                         0x800'3ed5    0x20  Code  ??  gd32f4xx_timer.o [4]
timer_interrupt_flag_clear
                         0x800'40c3     0xa  Code  ??  gd32f4xx_timer.o [4]
timer_interrupt_flag_get
                         0x800'40a3    0x20  Code  ??  gd32f4xx_timer.o [4]
usart_data_transmit      0x800'4a21     0xe  Code  ??  gd32f4xx_usart.o [4]
usart_flag_get           0x800'4a2f    0x20  Code  ??  gd32f4xx_usart.o [4]
window_buffer           0x2000'662c    0x30  Data  ??  Ex2_I2c.o [1]
window_index            0x2000'6674     0x4  Data  ??  Ex2_I2c.o [1]


[1] = D:\Files\SJTU\second_second\engineering4-D\HSP\HSP_C4\HSP_C3\Debug\Obj\App_2489385672134236918.dir
[2] = D:\Files\SJTU\second_second\engineering4-D\HSP\HSP_C4\HSP_C3\Debug\Obj\Board_7221520210927654578.dir
[3] = D:\Files\SJTU\second_second\engineering4-D\HSP\HSP_C4\HSP_C3\Debug\Obj\CMSIS_13545061835669826545.dir
[4] = D:\Files\SJTU\second_second\engineering4-D\HSP\HSP_C4\HSP_C3\Debug\Obj\GD32F470_Peripherals_11143062579488607573.dir
[5] = D:\Files\SJTU\second_second\engineering4-D\HSP\HSP_C4\HSP_C3\Debug\Obj\Main_13238667732884069010.dir
[6] = D:\Files\SJTU\second_second\engineering4-D\HSP\HSP_C4\HSP_C3\Debug\Obj\Startup_17868067532763321386.dir
[7] = D:\Files\SJTU\second_second\engineering4-D\HSP\HSP_C4\HSP_C3\Debug\Obj\Utilities_17002154029713865955.dir
[8] = dl7M_tlf.a
[9] = m7M_tls.a
[10] = rt7M_tl.a
[11] = shb_l.a

  18'413 bytes of readonly  code memory
   1'915 bytes of readonly  data memory
  34'468 bytes of readwrite data memory (+ 22'560 absolute)

Errors: none
Warnings: none
