###############################################################################
#
# IAR ELF Linker V9.50.1.380/W64 for ARM                  09/Mar/2024  21:56:06
# Copyright 2007-2023 IAR Systems AB.
#
#    Output file  =
#        D:\Files\SJTU\second_second\engineering4-D\HSP\HSP_C4\HSP_C3\Debug\Exe\HSP.out
#    Map file     =
#        D:\Files\SJTU\second_second\engineering4-D\HSP\HSP_C4\HSP_C3\Debug\List\HSP.map
#    Command line =
#        -f
#        D:\Files\SJTU\second_second\engineering4-D\HSP\HSP_C4\HSP_C3\Debug\Exe\HSP.out.rsp
#        (D:\Files\SJTU\second_second\engineering4-D\HSP\HSP_C4\HSP_C3\Debug\Obj\App_2489385672134236918.dir\00_MENU.o
#        D:\Files\SJTU\second_second\engineering4-D\HSP\HSP_C4\HSP_C3\Debug\Obj\App_2489385672134236918.dir\Ex1_gpio.o
#        D:\Files\SJTU\second_second\engineering4-D\HSP\HSP_C4\HSP_C3\Debug\Obj\App_2489385672134236918.dir\Ex2_I2c.o
#        D:\Files\SJTU\second_second\engineering4-D\HSP\HSP_C4\HSP_C3\Debug\Obj\App_2489385672134236918.dir\Ex3_tft18.o
#        D:\Files\SJTU\second_second\engineering4-D\HSP\HSP_C4\HSP_C3\Debug\Obj\App_2489385672134236918.dir\Ex4_adc.o
#        D:\Files\SJTU\second_second\engineering4-D\HSP\HSP_C4\HSP_C3\Debug\Obj\App_2489385672134236918.dir\Ex5_uart.o
#        D:\Files\SJTU\second_second\engineering4-D\HSP\HSP_C4\HSP_C3\Debug\Obj\App_2489385672134236918.dir\Ex6_pwm.o
#        D:\Files\SJTU\second_second\engineering4-D\HSP\HSP_C4\HSP_C3\Debug\Obj\App_2489385672134236918.dir\Ex7_dci.o
#        D:\Files\SJTU\second_second\engineering4-D\HSP\HSP_C4\HSP_C3\Debug\Obj\App_2489385672134236918.dir\Ex8_rtc.o
#        D:\Files\SJTU\second_second\engineering4-D\HSP\HSP_C4\HSP_C3\Debug\Obj\GD32F470_Peripherals_11143062579488607573.dir\gd32f4xx_adc.o
#        D:\Files\SJTU\second_second\engineering4-D\HSP\HSP_C4\HSP_C3\Debug\Obj\GD32F470_Peripherals_11143062579488607573.dir\gd32f4xx_can.o
#        D:\Files\SJTU\second_second\engineering4-D\HSP\HSP_C4\HSP_C3\Debug\Obj\GD32F470_Peripherals_11143062579488607573.dir\gd32f4xx_crc.o
#        D:\Files\SJTU\second_second\engineering4-D\HSP\HSP_C4\HSP_C3\Debug\Obj\GD32F470_Peripherals_11143062579488607573.dir\gd32f4xx_ctc.o
#        D:\Files\SJTU\second_second\engineering4-D\HSP\HSP_C4\HSP_C3\Debug\Obj\GD32F470_Peripherals_11143062579488607573.dir\gd32f4xx_dac.o
#        D:\Files\SJTU\second_second\engineering4-D\HSP\HSP_C4\HSP_C3\Debug\Obj\GD32F470_Peripherals_11143062579488607573.dir\gd32f4xx_dbg.o
#        D:\Files\SJTU\second_second\engineering4-D\HSP\HSP_C4\HSP_C3\Debug\Obj\GD32F470_Peripherals_11143062579488607573.dir\gd32f4xx_dci.o
#        D:\Files\SJTU\second_second\engineering4-D\HSP\HSP_C4\HSP_C3\Debug\Obj\GD32F470_Peripherals_11143062579488607573.dir\gd32f4xx_dma.o
#        D:\Files\SJTU\second_second\engineering4-D\HSP\HSP_C4\HSP_C3\Debug\Obj\GD32F470_Peripherals_11143062579488607573.dir\gd32f4xx_enet.o
#        D:\Files\SJTU\second_second\engineering4-D\HSP\HSP_C4\HSP_C3\Debug\Obj\GD32F470_Peripherals_11143062579488607573.dir\gd32f4xx_exmc.o
#        D:\Files\SJTU\second_second\engineering4-D\HSP\HSP_C4\HSP_C3\Debug\Obj\GD32F470_Peripherals_11143062579488607573.dir\gd32f4xx_exti.o
#        D:\Files\SJTU\second_second\engineering4-D\HSP\HSP_C4\HSP_C3\Debug\Obj\GD32F470_Peripherals_11143062579488607573.dir\gd32f4xx_fmc.o
#        D:\Files\SJTU\second_second\engineering4-D\HSP\HSP_C4\HSP_C3\Debug\Obj\GD32F470_Peripherals_11143062579488607573.dir\gd32f4xx_fwdgt.o
#        D:\Files\SJTU\second_second\engineering4-D\HSP\HSP_C4\HSP_C3\Debug\Obj\GD32F470_Peripherals_11143062579488607573.dir\gd32f4xx_gpio.o
#        D:\Files\SJTU\second_second\engineering4-D\HSP\HSP_C4\HSP_C3\Debug\Obj\GD32F470_Peripherals_11143062579488607573.dir\gd32f4xx_i2c.o
#        D:\Files\SJTU\second_second\engineering4-D\HSP\HSP_C4\HSP_C3\Debug\Obj\GD32F470_Peripherals_11143062579488607573.dir\gd32f4xx_ipa.o
#        D:\Files\SJTU\second_second\engineering4-D\HSP\HSP_C4\HSP_C3\Debug\Obj\GD32F470_Peripherals_11143062579488607573.dir\gd32f4xx_iref.o
#        D:\Files\SJTU\second_second\engineering4-D\HSP\HSP_C4\HSP_C3\Debug\Obj\Main_13238667732884069010.dir\gd32f4xx_it.o
#        D:\Files\SJTU\second_second\engineering4-D\HSP\HSP_C4\HSP_C3\Debug\Obj\GD32F470_Peripherals_11143062579488607573.dir\gd32f4xx_misc.o
#        D:\Files\SJTU\second_second\engineering4-D\HSP\HSP_C4\HSP_C3\Debug\Obj\GD32F470_Peripherals_11143062579488607573.dir\gd32f4xx_pmu.o
#        D:\Files\SJTU\second_second\engineering4-D\HSP\HSP_C4\HSP_C3\Debug\Obj\GD32F470_Peripherals_11143062579488607573.dir\gd32f4xx_rcu.o
#        D:\Files\SJTU\second_second\engineering4-D\HSP\HSP_C4\HSP_C3\Debug\Obj\GD32F470_Peripherals_11143062579488607573.dir\gd32f4xx_rtc.o
#        D:\Files\SJTU\second_second\engineering4-D\HSP\HSP_C4\HSP_C3\Debug\Obj\GD32F470_Peripherals_11143062579488607573.dir\gd32f4xx_sdio.o
#        D:\Files\SJTU\second_second\engineering4-D\HSP\HSP_C4\HSP_C3\Debug\Obj\GD32F470_Peripherals_11143062579488607573.dir\gd32f4xx_spi.o
#        D:\Files\SJTU\second_second\engineering4-D\HSP\HSP_C4\HSP_C3\Debug\Obj\GD32F470_Peripherals_11143062579488607573.dir\gd32f4xx_syscfg.o
#        D:\Files\SJTU\second_second\engineering4-D\HSP\HSP_C4\HSP_C3\Debug\Obj\GD32F470_Peripherals_11143062579488607573.dir\gd32f4xx_timer.o
#        D:\Files\SJTU\second_second\engineering4-D\HSP\HSP_C4\HSP_C3\Debug\Obj\GD32F470_Peripherals_11143062579488607573.dir\gd32f4xx_tli.o
#        D:\Files\SJTU\second_second\engineering4-D\HSP\HSP_C4\HSP_C3\Debug\Obj\GD32F470_Peripherals_11143062579488607573.dir\gd32f4xx_trng.o
#        D:\Files\SJTU\second_second\engineering4-D\HSP\HSP_C4\HSP_C3\Debug\Obj\GD32F470_Peripherals_11143062579488607573.dir\gd32f4xx_usart.o
#        D:\Files\SJTU\second_second\engineering4-D\HSP\HSP_C4\HSP_C3\Debug\Obj\GD32F470_Peripherals_11143062579488607573.dir\gd32f4xx_wwdgt.o
#        D:\Files\SJTU\second_second\engineering4-D\HSP\HSP_C4\HSP_C3\Debug\Obj\Utilities_17002154029713865955.dir\GFX_FUNCTIONS.o
#        D:\Files\SJTU\second_second\engineering4-D\HSP\HSP_C4\HSP_C3\Debug\Obj\Board_7221520210927654578.dir\hsp_adc.o
#        D:\Files\SJTU\second_second\engineering4-D\HSP\HSP_C4\HSP_C3\Debug\Obj\Utilities_17002154029713865955.dir\HSP_CAT9555.o
#        D:\Files\SJTU\second_second\engineering4-D\HSP\HSP_C4\HSP_C3\Debug\Obj\Utilities_17002154029713865955.dir\HSP_COMM.o
#        D:\Files\SJTU\second_second\engineering4-D\HSP\HSP_C4\HSP_C3\Debug\Obj\Board_7221520210927654578.dir\hsp_dci.o
#        D:\Files\SJTU\second_second\engineering4-D\HSP\HSP_C4\HSP_C3\Debug\Obj\Utilities_17002154029713865955.dir\HSP_ENCODER.o
#        D:\Files\SJTU\second_second\engineering4-D\HSP\HSP_C4\HSP_C3\Debug\Obj\Utilities_17002154029713865955.dir\HSP_GD25Q64.o
#        D:\Files\SJTU\second_second\engineering4-D\HSP\HSP_C4\HSP_C3\Debug\Obj\Board_7221520210927654578.dir\hsp_gpio.o
#        D:\Files\SJTU\second_second\engineering4-D\HSP\HSP_C4\HSP_C3\Debug\Obj\Board_7221520210927654578.dir\hsp_i2c.o
#        D:\Files\SJTU\second_second\engineering4-D\HSP\HSP_C4\HSP_C3\Debug\Obj\Utilities_17002154029713865955.dir\HSP_MMA8451.o
#        D:\Files\SJTU\second_second\engineering4-D\HSP\HSP_C4\HSP_C3\Debug\Obj\Utilities_17002154029713865955.dir\HSP_MOTOR.o
#        D:\Files\SJTU\second_second\engineering4-D\HSP\HSP_C4\HSP_C3\Debug\Obj\Utilities_17002154029713865955.dir\HSP_MT9V034.o
#        D:\Files\SJTU\second_second\engineering4-D\HSP\HSP_C4\HSP_C3\Debug\Obj\Board_7221520210927654578.dir\hsp_rtc.o
#        D:\Files\SJTU\second_second\engineering4-D\HSP\HSP_C4\HSP_C3\Debug\Obj\Board_7221520210927654578.dir\hsp_spi.o
#        D:\Files\SJTU\second_second\engineering4-D\HSP\HSP_C4\HSP_C3\Debug\Obj\Utilities_17002154029713865955.dir\HSP_TFCARD.o
#        D:\Files\SJTU\second_second\engineering4-D\HSP\HSP_C4\HSP_C3\Debug\Obj\Utilities_17002154029713865955.dir\HSP_TFT18.o
#        D:\Files\SJTU\second_second\engineering4-D\HSP\HSP_C4\HSP_C3\Debug\Obj\Board_7221520210927654578.dir\hsp_timer.o
#        D:\Files\SJTU\second_second\engineering4-D\HSP\HSP_C4\HSP_C3\Debug\Obj\Utilities_17002154029713865955.dir\HSP_TSL1401.o
#        D:\Files\SJTU\second_second\engineering4-D\HSP\HSP_C4\HSP_C3\Debug\Obj\Board_7221520210927654578.dir\hsp_uart.o
#        D:\Files\SJTU\second_second\engineering4-D\HSP\HSP_C4\HSP_C3\Debug\Obj\Utilities_17002154029713865955.dir\HSP_WRITE.o
#        D:\Files\SJTU\second_second\engineering4-D\HSP\HSP_C4\HSP_C3\Debug\Obj\App_2489385672134236918.dir\Lab1_hmi.o
#        D:\Files\SJTU\second_second\engineering4-D\HSP\HSP_C4\HSP_C3\Debug\Obj\App_2489385672134236918.dir\Lab2_sensor.o
#        D:\Files\SJTU\second_second\engineering4-D\HSP\HSP_C4\HSP_C3\Debug\Obj\App_2489385672134236918.dir\Lab3_motor.o
#        D:\Files\SJTU\second_second\engineering4-D\HSP\HSP_C4\HSP_C3\Debug\Obj\App_2489385672134236918.dir\Lab4_ccd.o
#        D:\Files\SJTU\second_second\engineering4-D\HSP\HSP_C4\HSP_C3\Debug\Obj\Main_13238667732884069010.dir\main.o
#        D:\Files\SJTU\second_second\engineering4-D\HSP\HSP_C4\HSP_C3\Debug\Obj\App_2489385672134236918.dir\Project1_LineFollower.o
#        D:\Files\SJTU\second_second\engineering4-D\HSP\HSP_C4\HSP_C3\Debug\Obj\Startup_17868067532763321386.dir\startup_gd32f450_470.o
#        D:\Files\SJTU\second_second\engineering4-D\HSP\HSP_C4\HSP_C3\Debug\Obj\CMSIS_13545061835669826545.dir\system_gd32f4xx.o
#        D:\Files\SJTU\second_second\engineering4-D\HSP\HSP_C4\HSP_C3\Debug\Obj\Main_13238667732884069010.dir\systick.o
#        --redirect _Printf=_PrintfFullNoMb --redirect _Scanf=_ScanfFullNoMb
#        --no_out_extension -o
#        D:\Files\SJTU\second_second\engineering4-D\HSP\HSP_C4\HSP_C3\Debug\Exe\HSP.out
#        --map
#        D:\Files\SJTU\second_second\engineering4-D\HSP\HSP_C4\HSP_C3\Debug\List\HSP.map
#        --config "D:\Program Files\IAR Systems\Embedded Workbench
#        9.2\arm/config/linker/GD/GD32F470xG.icf" --semihosting --entry
#        __iar_program_start --redirect __write=__write_buffered --vfe
#        --text_out locale --cpu=Cortex-M4 --fpu=VFPv4_sp) --dependencies=n
#        D:\Files\SJTU\second_second\engineering4-D\HSP\HSP_C4\HSP_C3\Debug\Exe\HSP.out.iar_deps
#
###############################################################################

*******************************************************************************
*** RUNTIME MODEL ATTRIBUTES
***

CppFlavor       = *
__CPP_Runtime   = 1
__SystemLibrary = DLib
__dlib_version  = 6


*******************************************************************************
*** HEAP SELECTION
***

The basic heap was selected because --advanced_heap
was not specified and the application did not appear to
be primarily optimized for speed.


*******************************************************************************
*** PLACEMENT SUMMARY
***

"A0":  place at address 0x800'0000 { ro section .intvec };
"P1":  place in [from 0x800'0000 to 0x80f'ffff] { ro };
define block CSTACK with size = 8K, alignment = 8 { };
define block HEAP with size = 8K, alignment = 8 { };
"P2":  place in [from 0x2000'0000 to 0x2006'ffff] {
          rw, block CSTACK, block HEAP };
initialize by copy { rw };

No sections matched the following patterns:

  section .sram  in "P3"


  Section            Kind         Address  Aligment    Size  Object
  -------            ----         -------  --------    ----  ------
"A0":                                                 0x1ac
  .intvec            ro code   0x800'0000         4   0x1ac  startup_gd32f450_470.o [6]
                             - 0x800'01ac             0x1ac

"P1":                                                0x472c
  .text              ro code   0x800'01ac         4   0xeca  xprintffull_nomb.o [8]
  .text              ro code   0x800'1076         2    0x7e  lz77_init_single.o [10]
  .text              ro code   0x800'10f4         4    0x16  strchr.o [10]
  .rodata            const     0x800'110a         2     0x2  xlocale_c.o [8]
  .text              ro code   0x800'110c         4    0x40  xfail_s.o [8]
  .text              ro code   0x800'114c         4    0x36  strlen.o [10]
  .rodata            const     0x800'1182               0x1  xlocale_c.o [8]
  .text              ro code   0x800'1184         4    0x58  memchr.o [10]
  .text              ro code   0x800'11dc         4    0xa6  ABImemcpy.o [10]
  .text              ro code   0x800'1284         4    0x70  frexp.o [9]
  .text              ro code   0x800'12f4         4    0x34  DblCmpLe.o [9]
  .text              ro code   0x800'1328         4    0x34  DblCmpGe.o [9]
  .text              ro code   0x800'135c         4   0x13a  ldexp.o [9]
  .text              ro code   0x800'1498         4    0x36  DblToS32.o [9]
  .text              ro code   0x800'14d0         4    0x22  S32ToDbl.o [9]
  .text              ro code   0x800'14f4         4   0x24e  DblAddSub.o [9]
  .text              ro code   0x800'1744         4   0x246  DblDiv.o [9]
  .text              ro code   0x800'198c         4    0x22  DblToU32.o [9]
  .text              ro code   0x800'19b0         4    0x1c  U32ToDbl.o [9]
  .text              ro code   0x800'19cc         4   0x1aa  DblMul.o [9]
  .text              ro code   0x800'1b78         4     0x8  xlocale_c.o [8]
  .text              ro code   0x800'1b80         4   0x230  I64DivMod.o [10]
  .text              ro code   0x800'1db0         2     0x6  abort.o [8]
  .text              ro code   0x800'1db8         4     0x2  I64DivZer.o [10]
  .text              ro code   0x800'1dbc         4    0x14  exit.o [11]
  .rodata            const     0x800'1dd0         4   0x5f0  HSP_TFT18.o [7]
  .text              ro code   0x800'23c0         4   0x5d4  gd32f4xx_dma.o [4]
  .text              ro code   0x800'2994         4   0x374  Lab1_hmi.o [1]
  .text              ro code   0x800'2d08         4   0x348  HSP_TFT18.o [7]
  .text              ro code   0x800'3050         4   0x17a  gd32f4xx_gpio.o [4]
  .text              ro code   0x800'31cc         4   0x148  gd32f4xx_rcu.o [4]
  .text              ro code   0x800'3314         4    0xe8  gd32f4xx_misc.o [4]
  .text              ro code   0x800'33fc         4    0xa0  gd32f4xx_syscfg.o [4]
  .text              ro code   0x800'349c         4    0xac  gd32f4xx_exti.o [4]
  .text              ro code   0x800'3548         4    0xa8  HSP_CAT9555.o [7]
  .text              ro code   0x800'35f0         4    0xb8  systick.o [5]
  .text              ro code   0x800'36a8         4   0x12c  hsp_i2c.o [2]
  .text              ro code   0x800'37d4         4   0x228  gd32f4xx_i2c.o [4]
  .text              ro code   0x800'39fc         4   0x2cc  gd32f4xx_timer.o [4]
  .text              ro code   0x800'3cc8         4   0x19c  hsp_gpio.o [2]
  .text              ro code   0x800'3e64         4   0x15c  system_gd32f4xx.o [3]
  .text              ro code   0x800'3fc0         4   0x110  hsp_dci.o [2]
  .text              ro code   0x800'40d0         4    0xf0  hsp_spi.o [2]
  .text              ro code   0x800'41c0         4    0x6a  gd32f4xx_spi.o [4]
  .text              ro code   0x800'422c         4    0xc8  hsp_timer.o [2]
  .text              ro code   0x800'42f4         4    0xb8  xxwritebuffered.o [8]
  .text              ro code   0x800'43ac         4    0x3c  HSP_WRITE.o [7]
  .text              ro code   0x800'43e8         4    0x2e  gd32f4xx_usart.o [4]
  .text              ro code   0x800'4418         4    0x70  gd32f4xx_it.o [5]
  .text              ro code   0x800'4488         4    0x6c  main.o [5]
  .text              ro code   0x800'44f4         4    0x28  printf.o [8]
  .text              ro code   0x800'451c         4    0x44  putchar.o [8]
  .text              ro code   0x800'4560         4    0x40  xcloseall.o [8]
  .text              ro code   0x800'45a0         2    0x38  zero_init3.o [10]
  .text              ro code   0x800'45d8         4    0x2a  data_init.o [10]
  .text              ro code   0x800'4604         4    0x22  fpinit_M.o [9]
  .iar.init_table    const     0x800'4628         4    0x28  - Linker created -
  .text              ro code   0x800'4650         4    0x1e  cmain.o [10]
  .text              ro code   0x800'466e         2     0x4  low_level_init.o [8]
  .text              ro code   0x800'4672         2     0x4  exit.o [8]
  .text              ro code   0x800'4678         4     0xe  cexit.o [10]
  .text              ro code   0x800'4688         4    0x1c  cstartup_M.o [10]
  .text              ro code   0x800'46a4         2    0x16  xprout.o [8]
  .rodata            const     0x800'46bc         4    0x14  main.o [5]
  .rodata            const     0x800'46d0         4    0x10  gd32f4xx_rcu.o [4]
  .text              ro code   0x800'46e0         4    0x10  startup_gd32f450_470.o [6]
  .rodata            const     0x800'46f0         4     0x8  gd32f4xx_rcu.o [4]
  .rodata            const     0x800'46f8         4     0x8  gd32f4xx_rcu.o [4]
  .text              ro code   0x800'4700         2     0x4  startup_gd32f450_470.o [6]
  .text              ro code   0x800'4704         2     0x4  startup_gd32f450_470.o [6]
  .text              ro code   0x800'4708         2     0x4  startup_gd32f450_470.o [6]
  .text              ro code   0x800'470c         2     0x4  startup_gd32f450_470.o [6]
  .text              ro code   0x800'4710         2     0x4  startup_gd32f450_470.o [6]
  .text              ro code   0x800'4714         2     0x4  startup_gd32f450_470.o [6]
  .text              ro code   0x800'4718         2     0x4  startup_gd32f450_470.o [6]
  .text              ro code   0x800'471c         2     0x4  startup_gd32f450_470.o [6]
  .text              ro code   0x800'4720         2     0x4  startup_gd32f450_470.o [6]
  .text              ro code   0x800'4724         2     0x4  startup_gd32f450_470.o [6]
  .text              ro code   0x800'4728         2     0x4  startup_gd32f450_470.o [6]
  .text              ro code   0x800'472c         2     0x4  startup_gd32f450_470.o [6]
  .text              ro code   0x800'4730         2     0x4  startup_gd32f450_470.o [6]
  .text              ro code   0x800'4734         2     0x4  startup_gd32f450_470.o [6]
  .text              ro code   0x800'4738         2     0x4  startup_gd32f450_470.o [6]
  .text              ro code   0x800'473c         2     0x4  startup_gd32f450_470.o [6]
  .text              ro code   0x800'4740         2     0x4  startup_gd32f450_470.o [6]
  .text              ro code   0x800'4744         2     0x4  startup_gd32f450_470.o [6]
  .text              ro code   0x800'4748         2     0x4  startup_gd32f450_470.o [6]
  .text              ro code   0x800'474c         2     0x4  startup_gd32f450_470.o [6]
  .text              ro code   0x800'4750         2     0x4  startup_gd32f450_470.o [6]
  .text              ro code   0x800'4754         2     0x4  startup_gd32f450_470.o [6]
  .text              ro code   0x800'4758         2     0x4  startup_gd32f450_470.o [6]
  .text              ro code   0x800'475c         2     0x4  startup_gd32f450_470.o [6]
  .text              ro code   0x800'4760         2     0x4  startup_gd32f450_470.o [6]
  .text              ro code   0x800'4764         2     0x4  startup_gd32f450_470.o [6]
  .text              ro code   0x800'4768         2     0x4  startup_gd32f450_470.o [6]
  .text              ro code   0x800'476c         2     0x4  startup_gd32f450_470.o [6]
  .text              ro code   0x800'4770         2     0x4  startup_gd32f450_470.o [6]
  .text              ro code   0x800'4774         2     0x4  startup_gd32f450_470.o [6]
  .text              ro code   0x800'4778         2     0x4  startup_gd32f450_470.o [6]
  .text              ro code   0x800'477c         2     0x4  startup_gd32f450_470.o [6]
  .text              ro code   0x800'4780         2     0x4  startup_gd32f450_470.o [6]
  .text              ro code   0x800'4784         2     0x4  startup_gd32f450_470.o [6]
  .text              ro code   0x800'4788         2     0x4  startup_gd32f450_470.o [6]
  .text              ro code   0x800'478c         2     0x4  startup_gd32f450_470.o [6]
  .text              ro code   0x800'4790         2     0x4  startup_gd32f450_470.o [6]
  .text              ro code   0x800'4794         2     0x4  startup_gd32f450_470.o [6]
  .text              ro code   0x800'4798         2     0x4  startup_gd32f450_470.o [6]
  .text              ro code   0x800'479c         2     0x4  startup_gd32f450_470.o [6]
  .text              ro code   0x800'47a0         2     0x4  startup_gd32f450_470.o [6]
  .text              ro code   0x800'47a4         2     0x4  startup_gd32f450_470.o [6]
  .text              ro code   0x800'47a8         2     0x4  startup_gd32f450_470.o [6]
  .text              ro code   0x800'47ac         2     0x4  startup_gd32f450_470.o [6]
  .text              ro code   0x800'47b0         2     0x4  startup_gd32f450_470.o [6]
  .text              ro code   0x800'47b4         2     0x4  startup_gd32f450_470.o [6]
  .text              ro code   0x800'47b8         2     0x4  startup_gd32f450_470.o [6]
  .text              ro code   0x800'47bc         2     0x4  startup_gd32f450_470.o [6]
  .text              ro code   0x800'47c0         2     0x4  startup_gd32f450_470.o [6]
  .text              ro code   0x800'47c4         2     0x4  startup_gd32f450_470.o [6]
  .text              ro code   0x800'47c8         2     0x4  startup_gd32f450_470.o [6]
  .text              ro code   0x800'47cc         2     0x4  startup_gd32f450_470.o [6]
  .text              ro code   0x800'47d0         2     0x4  startup_gd32f450_470.o [6]
  .text              ro code   0x800'47d4         2     0x4  startup_gd32f450_470.o [6]
  .text              ro code   0x800'47d8         2     0x4  startup_gd32f450_470.o [6]
  .text              ro code   0x800'47dc         2     0x4  startup_gd32f450_470.o [6]
  .text              ro code   0x800'47e0         2     0x4  startup_gd32f450_470.o [6]
  .text              ro code   0x800'47e4         2     0x4  startup_gd32f450_470.o [6]
  .text              ro code   0x800'47e8         2     0x4  startup_gd32f450_470.o [6]
  .text              ro code   0x800'47ec         2     0x4  startup_gd32f450_470.o [6]
  .text              ro code   0x800'47f0         2     0x4  startup_gd32f450_470.o [6]
  .text              ro code   0x800'47f4         2     0x4  startup_gd32f450_470.o [6]
  .text              ro code   0x800'47f8         2     0x4  startup_gd32f450_470.o [6]
  .text              ro code   0x800'47fc         2     0x4  startup_gd32f450_470.o [6]
  .text              ro code   0x800'4800         2     0x4  startup_gd32f450_470.o [6]
  .text              ro code   0x800'4804         2     0x4  startup_gd32f450_470.o [6]
  .text              ro code   0x800'4808         2     0x4  startup_gd32f450_470.o [6]
  .text              ro code   0x800'480c         2     0x4  startup_gd32f450_470.o [6]
  .text              ro code   0x800'4810         2     0x4  startup_gd32f450_470.o [6]
  .text              ro code   0x800'4814         2     0x4  startup_gd32f450_470.o [6]
  .text              ro code   0x800'4818         2     0x4  startup_gd32f450_470.o [6]
  .text              ro code   0x800'481c         2     0x4  startup_gd32f450_470.o [6]
  .text              ro code   0x800'4820         2     0x4  startup_gd32f450_470.o [6]
  .text              ro code   0x800'4824         2     0x4  startup_gd32f450_470.o [6]
  .text              ro code   0x800'4828         2     0x4  startup_gd32f450_470.o [6]
  .text              ro code   0x800'482c         2     0x4  startup_gd32f450_470.o [6]
  .text              ro code   0x800'4830         2     0x4  startup_gd32f450_470.o [6]
  .text              ro code   0x800'4834         2     0x4  startup_gd32f450_470.o [6]
  .text              ro code   0x800'4838         2     0x4  startup_gd32f450_470.o [6]
  .text              ro code   0x800'483c         2     0x4  startup_gd32f450_470.o [6]
  .text              ro code   0x800'4840         2     0x4  startup_gd32f450_470.o [6]
  .text              ro code   0x800'4844         2     0x4  startup_gd32f450_470.o [6]
  .text              ro code   0x800'4848         2     0x4  startup_gd32f450_470.o [6]
  .text              ro code   0x800'484c         2     0x4  startup_gd32f450_470.o [6]
  .text              ro code   0x800'4850         2     0x4  startup_gd32f450_470.o [6]
  .text              ro code   0x800'4854         2     0x4  startup_gd32f450_470.o [6]
  .text              ro code   0x800'4858         4     0x0  cstart_closeall.o [10]
  .rodata            const     0x800'4858               0x0  zero_init3.o [10]
  .rodata            const     0x800'4858               0x0  lz77_init_single.o [10]
  Initializer bytes  const     0x800'4858              0x80  <for P2-1>
                             - 0x800'48d8            0x472c

"P2", part 1 of 3:                                    0x145
  P2-1                        0x2000'0000             0x145  <Init block>
    .data            inited   0x2000'0000         4    0x10  HSP_CAT9555.o [7]
    .data            inited   0x2000'0010         4     0x4  system_gd32f4xx.o [3]
    .data            inited   0x2000'0014         4    0x38  xlocale_c.o [8]
    .data            inited   0x2000'004c         4    0x48  xfiles.o [8]
    .data            inited   0x2000'0094         4    0x48  xfiles.o [8]
    .data            inited   0x2000'00dc         4    0x48  xfiles.o [8]
    .data            inited   0x2000'0124         4    0x20  xfiles.o [8]
    .data            inited   0x2000'0144               0x1  Ex7_dci.o [1]
                            - 0x2000'0145             0x145

"P2", part 2 of 3:                                   0x6468
  .bss               zero     0x2000'0148         4  0x4600  Ex7_dci.o [1]
  .bss               zero     0x2000'4748         4  0x1d60  Ex7_dci.o [1]
  .bss               zero     0x2000'64a8         4    0x54  xxwritebuffered.o [8]
  .bss               zero     0x2000'64fc         4    0x50  xfiles.o [8]
  .bss               zero     0x2000'654c         4    0x50  xfiles.o [8]
  .bss               zero     0x2000'659c         4     0x4  main.o [5]
  .bss               zero     0x2000'65a0         4     0x4  systick.o [5]
  .bss               zero     0x2000'65a4         4     0x4  xfail_s.o [8]
  .bss               zero     0x2000'65a8         2     0x2  hsp_timer.o [2]
  .bss               zero     0x2000'65aa               0x1  Ex7_dci.o [1]
  .bss               zero     0x2000'65ab               0x1  Lab1_hmi.o [1]
  .bss               zero     0x2000'65ac               0x1  main.o [5]
  .bss               zero     0x2000'65ad               0x1  main.o [5]
                            - 0x2000'65ae            0x6466

"P2", part 3 of 3:                                   0x2000
  CSTACK                      0x2000'65b0         8  0x2000  <Block>
    CSTACK           uninit   0x2000'65b0            0x2000  <Block tail>
                            - 0x2000'85b0            0x2000

Absolute sections:                                   0x5820
  .bss               zero     0x2003'0000            0x5820  main.o [5]
                            - 0x2003'5820            0x5820

Unused ranges:

         From           To      Size
         ----           --      ----
   0x800'48d8   0x80f'ffff  0xf'b728
  0x2000'0145  0x2000'0147       0x3
  0x2000'85b0  0x2002'ffff  0x2'7a50
  0x2003'5820  0x2006'ffff  0x3'a7e0


*******************************************************************************
*** INIT TABLE
***

          Address      Size
          -------      ----
Zero (__iar_zero_init3)
    2 destination ranges, total size 0xbc86:
          0x2000'0148  0x6466
          0x2003'0000  0x5820

Copy/lz77 (__iar_lz77_init_single3)
    1 source range, total size 0x80 (39% of destination):
           0x800'4858    0x80
    1 destination range, total size 0x145:
          0x2000'0000   0x145



*******************************************************************************
*** MODULE SUMMARY
***

    Module                  ro code  ro data  rw data  rw data
                                                        (abs)
    ------                  -------  -------  -------  -------
command line/config:
    ----------------------------------------------------------
    Total:

D:\Files\SJTU\second_second\engineering4-D\HSP\HSP_C4\HSP_C3\Debug\Obj\App_2489385672134236918.dir: [1]
    Ex7_dci.o                              1   25'442
    Lab1_hmi.o                  884                 1
    ----------------------------------------------------------
    Total:                      884        1   25'443

D:\Files\SJTU\second_second\engineering4-D\HSP\HSP_C4\HSP_C3\Debug\Obj\Board_7221520210927654578.dir: [2]
    hsp_dci.o                   272
    hsp_gpio.o                  412
    hsp_i2c.o                   300
    hsp_spi.o                   240
    hsp_timer.o                 200                 2
    ----------------------------------------------------------
    Total:                    1'424                 2

D:\Files\SJTU\second_second\engineering4-D\HSP\HSP_C4\HSP_C3\Debug\Obj\CMSIS_13545061835669826545.dir: [3]
    system_gd32f4xx.o           348        1        4
    ----------------------------------------------------------
    Total:                      348        1        4

D:\Files\SJTU\second_second\engineering4-D\HSP\HSP_C4\HSP_C3\Debug\Obj\GD32F470_Peripherals_11143062579488607573.dir: [4]
    gd32f4xx_dma.o            1'492
    gd32f4xx_exti.o             172
    gd32f4xx_gpio.o             378
    gd32f4xx_i2c.o              552
    gd32f4xx_misc.o             232
    gd32f4xx_rcu.o              328       32
    gd32f4xx_spi.o              106
    gd32f4xx_syscfg.o           160
    gd32f4xx_timer.o            716
    gd32f4xx_usart.o             46
    ----------------------------------------------------------
    Total:                    4'182       32

D:\Files\SJTU\second_second\engineering4-D\HSP\HSP_C4\HSP_C3\Debug\Obj\Main_13238667732884069010.dir: [5]
    gd32f4xx_it.o               112
    main.o                      108       20        6   22'560
    systick.o                   184                 4
    ----------------------------------------------------------
    Total:                      404       20       10   22'560

D:\Files\SJTU\second_second\engineering4-D\HSP\HSP_C4\HSP_C3\Debug\Obj\Startup_17868067532763321386.dir: [6]
    startup_gd32f450_470.o      788
    ----------------------------------------------------------
    Total:                      788

D:\Files\SJTU\second_second\engineering4-D\HSP\HSP_C4\HSP_C3\Debug\Obj\Utilities_17002154029713865955.dir: [7]
    HSP_CAT9555.o               168        6       16
    HSP_TFT18.o                 840    1'520
    HSP_WRITE.o                  60
    ----------------------------------------------------------
    Total:                    1'068    1'526       16

dl7M_tlf.a: [8]
    abort.o                       6
    exit.o                        4
    low_level_init.o              4
    printf.o                     40
    putchar.o                    68
    xcloseall.o                  64
    xfail_s.o                    64                 4
    xfiles.o                              98      408
    xlocale_c.o                   8       25       56
    xprintffull_nomb.o        3'786
    xprout.o                     22
    xxwritebuffered.o           184                84
    ----------------------------------------------------------
    Total:                    4'250      123      552

m7M_tls.a: [9]
    DblAddSub.o                 590
    DblCmpGe.o                   52
    DblCmpLe.o                   52
    DblDiv.o                    582
    DblMul.o                    426
    DblToS32.o                   54
    DblToU32.o                   34
    S32ToDbl.o                   34
    U32ToDbl.o                   28
    fpinit_M.o                   34
    frexp.o                     112
    ldexp.o                     314
    ----------------------------------------------------------
    Total:                    2'312

rt7M_tl.a: [10]
    ABImemcpy.o                 166
    I64DivMod.o                 560
    I64DivZer.o                   2
    cexit.o                      14
    cmain.o                      30
    cstart_closeall.o
    cstartup_M.o                 28
    data_init.o                  42
    lz77_init_single.o          126
    memchr.o                     88
    strchr.o                     22
    strlen.o                     54
    zero_init3.o                 56
    ----------------------------------------------------------
    Total:                    1'188

shb_l.a: [11]
    exit.o                       20
    ----------------------------------------------------------
    Total:                       20

    Gaps                         33        4
    Linker created                        40    8'192
--------------------------------------------------------------
    Grand Total:             16'901    1'747   34'219   22'560


*******************************************************************************
*** ENTRY LIST
***

Entry                       Address    Size  Type      Object
-----                       -------    ----  ----      ------
.iar.init_table$$Base    0x800'4628           --   Gb  - Linker created -
.iar.init_table$$Limit   0x800'4650           --   Gb  - Linker created -
?main                    0x800'4651          Code  ??  cmain.o [10]
ADC_IRQHandler           0x800'4749          Code  Wk  startup_gd32f450_470.o [6]
BusFault_Handler         0x800'441f     0x2  Code  ??  gd32f4xx_it.o [5]
CAN0_EWMC_IRQHandler     0x800'4759          Code  Wk  startup_gd32f450_470.o [6]
CAN0_RX0_IRQHandler      0x800'4751          Code  Wk  startup_gd32f450_470.o [6]
CAN0_RX1_IRQHandler      0x800'4755          Code  Wk  startup_gd32f450_470.o [6]
CAN0_TX_IRQHandler       0x800'474d          Code  Wk  startup_gd32f450_470.o [6]
CAN1_EWMC_IRQHandler     0x800'4801          Code  Wk  startup_gd32f450_470.o [6]
CAN1_RX0_IRQHandler      0x800'47f9          Code  Wk  startup_gd32f450_470.o [6]
CAN1_RX1_IRQHandler      0x800'47fd          Code  Wk  startup_gd32f450_470.o [6]
CAN1_TX_IRQHandler       0x800'47f5          Code  Wk  startup_gd32f450_470.o [6]
CSTACK$$Base            0x2000'65b0           --   Gb  - Linker created -
CSTACK$$Limit           0x2000'85b0           --   ??  - Linker created -
DCI_IRQHandler           0x800'482d          Code  Wk  startup_gd32f450_470.o [6]
DMA0_Channel0_IRQHandler
                         0x800'472d          Code  Wk  startup_gd32f450_470.o [6]
DMA0_Channel1_IRQHandler
                         0x800'4731          Code  Wk  startup_gd32f450_470.o [6]
DMA0_Channel2_IRQHandler
                         0x800'4735          Code  Wk  startup_gd32f450_470.o [6]
DMA0_Channel3_IRQHandler
                         0x800'4739          Code  Wk  startup_gd32f450_470.o [6]
DMA0_Channel4_IRQHandler
                         0x800'473d          Code  Wk  startup_gd32f450_470.o [6]
DMA0_Channel5_IRQHandler
                         0x800'4741          Code  Wk  startup_gd32f450_470.o [6]
DMA0_Channel6_IRQHandler
                         0x800'4745          Code  Wk  startup_gd32f450_470.o [6]
DMA0_Channel7_IRQHandler
                         0x800'47b9          Code  Wk  startup_gd32f450_470.o [6]
DMA1_Channel0_IRQHandler
                         0x800'47d9          Code  Wk  startup_gd32f450_470.o [6]
DMA1_Channel1_IRQHandler
                         0x800'47dd          Code  Wk  startup_gd32f450_470.o [6]
DMA1_Channel2_IRQHandler
                         0x800'47e1          Code  Wk  startup_gd32f450_470.o [6]
DMA1_Channel3_IRQHandler
                         0x800'47e5          Code  Wk  startup_gd32f450_470.o [6]
DMA1_Channel4_IRQHandler
                         0x800'47e9          Code  Wk  startup_gd32f450_470.o [6]
DMA1_Channel5_IRQHandler
                         0x800'4809          Code  Wk  startup_gd32f450_470.o [6]
DMA1_Channel6_IRQHandler
                         0x800'480d          Code  Wk  startup_gd32f450_470.o [6]
DMA1_Channel7_IRQHandler
                         0x800'3fc1    0xf2  Code  ??  hsp_dci.o [2]
DebugMon_Handler         0x800'4425     0x2  Code  ??  gd32f4xx_it.o [5]
ENET_IRQHandler          0x800'47ed          Code  Wk  startup_gd32f450_470.o [6]
ENET_WKUP_IRQHandler     0x800'47f1          Code  Wk  startup_gd32f450_470.o [6]
EXMC_IRQHandler          0x800'47bd          Code  Wk  startup_gd32f450_470.o [6]
EXTI0_IRQHandler         0x800'4719          Code  Wk  startup_gd32f450_470.o [6]
EXTI10_15_IRQHandler     0x800'4439    0x44  Code  ??  gd32f4xx_it.o [5]
EXTI1_IRQHandler         0x800'471d          Code  Wk  startup_gd32f450_470.o [6]
EXTI2_IRQHandler         0x800'4721          Code  Wk  startup_gd32f450_470.o [6]
EXTI3_IRQHandler         0x800'4725          Code  Wk  startup_gd32f450_470.o [6]
EXTI4_IRQHandler         0x800'4729          Code  Wk  startup_gd32f450_470.o [6]
EXTI5_9_IRQHandler       0x800'475d          Code  Wk  startup_gd32f450_470.o [6]
FMC_IRQHandler           0x800'4711          Code  Wk  startup_gd32f450_470.o [6]
FPU_IRQHandler           0x800'4835          Code  Wk  startup_gd32f450_470.o [6]
HardFault_Handler        0x800'441b     0x2  Code  ??  gd32f4xx_it.o [5]
I2C0_ER_IRQHandler       0x800'4781          Code  Wk  startup_gd32f450_470.o [6]
I2C0_EV_IRQHandler       0x800'477d          Code  Wk  startup_gd32f450_470.o [6]
I2C1_ER_IRQHandler       0x800'4789          Code  Wk  startup_gd32f450_470.o [6]
I2C1_EV_IRQHandler       0x800'4785          Code  Wk  startup_gd32f450_470.o [6]
I2C2_ER_IRQHandler       0x800'4819          Code  Wk  startup_gd32f450_470.o [6]
I2C2_EV_IRQHandler       0x800'4815          Code  Wk  startup_gd32f450_470.o [6]
IPA_IRQHandler           0x800'4855          Code  Wk  startup_gd32f450_470.o [6]
LVD_IRQHandler           0x800'4705          Code  Wk  startup_gd32f450_470.o [6]
Lab1_mainfunc            0x800'2a15   0x2d4  Code  ??  Lab1_hmi.o [1]
MemManage_Handler        0x800'441d     0x2  Code  ??  gd32f4xx_it.o [5]
NMI_Handler              0x800'4419     0x2  Code  ??  gd32f4xx_it.o [5]
NVIC_SetPriority         0x800'35f1    0x2c  Code  Lc  systick.o [5]
PendSV_Handler           0x800'4427     0x2  Code  ??  gd32f4xx_it.o [5]
RCU_CTC_IRQHandler       0x800'4715          Code  Wk  startup_gd32f450_470.o [6]
RES_value               0x2000'65ad     0x1  Data  ??  main.o [5]
RTC_Alarm_IRQHandler     0x800'47a1          Code  Wk  startup_gd32f450_470.o [6]
RTC_WKUP_IRQHandler      0x800'470d          Code  Wk  startup_gd32f450_470.o [6]
Region$$Table$$Base      0x800'4628           --   ??  - Linker created -
Region$$Table$$Limit     0x800'4650           --   ??  - Linker created -
Reset_Handler            0x800'46e1          Code  Wk  startup_gd32f450_470.o [6]
SDIO_IRQHandler          0x800'47c1          Code  Wk  startup_gd32f450_470.o [6]
SPI0_IRQHandler          0x800'478d          Code  Wk  startup_gd32f450_470.o [6]
SPI1_IRQHandler          0x800'4791          Code  Wk  startup_gd32f450_470.o [6]
SPI2_IRQHandler          0x800'47c9          Code  Wk  startup_gd32f450_470.o [6]
SPI3_IRQHandler          0x800'4841          Code  Wk  startup_gd32f450_470.o [6]
SPI4_IRQHandler          0x800'4845          Code  Wk  startup_gd32f450_470.o [6]
SPI5_IRQHandler          0x800'4849          Code  Wk  startup_gd32f450_470.o [6]
SVC_Handler              0x800'4423     0x2  Code  ??  gd32f4xx_it.o [5]
SysTick_Config           0x800'361d    0x30  Code  Lc  systick.o [5]
SysTick_Handler          0x800'4429    0x10  Code  ??  gd32f4xx_it.o [5]
SystemCoreClock         0x2000'0010     0x4  Data  ??  system_gd32f4xx.o [3]
SystemInit               0x800'3e65    0x82  Code  ??  system_gd32f4xx.o [3]
TAMPER_STAMP_IRQHandler
                         0x800'4709          Code  Wk  startup_gd32f450_470.o [6]
TIMER0_BRK_TIMER8_IRQHandler
                         0x800'4761          Code  Wk  startup_gd32f450_470.o [6]
TIMER0_Channel_IRQHandler
                         0x800'476d          Code  Wk  startup_gd32f450_470.o [6]
TIMER0_TRG_CMT_TIMER10_IRQHandler
                         0x800'4769          Code  Wk  startup_gd32f450_470.o [6]
TIMER0_UP_TIMER9_IRQHandler
                         0x800'4765          Code  Wk  startup_gd32f450_470.o [6]
TIMER1_IRQHandler        0x800'4771          Code  Wk  startup_gd32f450_470.o [6]
TIMER2_IRQHandler        0x800'4775          Code  Wk  startup_gd32f450_470.o [6]
TIMER3_IRQHandler        0x800'4779          Code  Wk  startup_gd32f450_470.o [6]
TIMER4_IRQHandler        0x800'47c5          Code  Wk  startup_gd32f450_470.o [6]
TIMER5_DAC_IRQHandler    0x800'47d5          Code  Wk  startup_gd32f450_470.o [6]
TIMER6_IRQHandler        0x800'422d    0x34  Code  ??  hsp_timer.o [2]
TIMER7_BRK_TIMER11_IRQHandler
                         0x800'47a9          Code  Wk  startup_gd32f450_470.o [6]
TIMER7_Channel_IRQHandler
                         0x800'47b5          Code  Wk  startup_gd32f450_470.o [6]
TIMER7_TRG_CMT_TIMER13_IRQHandler
                         0x800'47b1          Code  Wk  startup_gd32f450_470.o [6]
TIMER7_UP_TIMER12_IRQHandler
                         0x800'47ad          Code  Wk  startup_gd32f450_470.o [6]
TLI_ER_IRQHandler        0x800'4851          Code  Wk  startup_gd32f450_470.o [6]
TLI_IRQHandler           0x800'484d          Code  Wk  startup_gd32f450_470.o [6]
TRNG_IRQHandler          0x800'4831          Code  Wk  startup_gd32f450_470.o [6]
UART3_IRQHandler         0x800'47cd          Code  Wk  startup_gd32f450_470.o [6]
UART4_IRQHandler         0x800'47d1          Code  Wk  startup_gd32f450_470.o [6]
UART6_IRQHandler         0x800'4839          Code  Wk  startup_gd32f450_470.o [6]
UART7_IRQHandler         0x800'483d          Code  Wk  startup_gd32f450_470.o [6]
USART0_IRQHandler        0x800'4795          Code  Wk  startup_gd32f450_470.o [6]
USART1_IRQHandler        0x800'4799          Code  Wk  startup_gd32f450_470.o [6]
USART2_IRQHandler        0x800'479d          Code  Wk  startup_gd32f450_470.o [6]
USART5_IRQHandler        0x800'4811          Code  Wk  startup_gd32f450_470.o [6]
USBFS_IRQHandler         0x800'4805          Code  Wk  startup_gd32f450_470.o [6]
USBFS_WKUP_IRQHandler    0x800'47a5          Code  Wk  startup_gd32f450_470.o [6]
USBHS_EP1_In_IRQHandler
                         0x800'4821          Code  Wk  startup_gd32f450_470.o [6]
USBHS_EP1_Out_IRQHandler
                         0x800'481d          Code  Wk  startup_gd32f450_470.o [6]
USBHS_IRQHandler         0x800'4829          Code  Wk  startup_gd32f450_470.o [6]
USBHS_WKUP_IRQHandler    0x800'4825          Code  Wk  startup_gd32f450_470.o [6]
UsageFault_Handler       0x800'4421     0x2  Code  ??  gd32f4xx_it.o [5]
WWDGT_IRQHandler         0x800'4701          Code  Wk  startup_gd32f450_470.o [6]
_Close_all               0x800'4561    0x40  Code  ??  xcloseall.o [8]
_Files                  0x2000'0124    0x20  Data  ??  xfiles.o [8]
_LC                      0x800'01ad     0x6  Code  Lc  xprintffull_nomb.o [8]
_LitobFullNoMb           0x800'0e99   0x10c  Code  Lc  xprintffull_nomb.o [8]
_Locale_lconv           0x2000'0014    0x38  Data  Lc  xlocale_c.o [8]
_PrintfFullNoMb          0x800'01b3   0xcb6  Code  ??  xprintffull_nomb.o [8]
_Prout                   0x800'46a5    0x16  Code  ??  xprout.o [8]
_PutcharsFullNoMb        0x800'1001    0x2e  Code  Lc  xprintffull_nomb.o [8]
__aeabi_cdcmple          0x800'12f5          Code  ??  DblCmpLe.o [9]
__aeabi_cdrcmple         0x800'1329          Code  ??  DblCmpGe.o [9]
__aeabi_d2iz             0x800'1499          Code  ??  DblToS32.o [9]
__aeabi_d2uiz            0x800'198d          Code  ??  DblToU32.o [9]
__aeabi_ddiv             0x800'1745          Code  ??  DblDiv.o [9]
__aeabi_dmul             0x800'19cd          Code  ??  DblMul.o [9]
__aeabi_dsub             0x800'1661          Code  ??  DblAddSub.o [9]
__aeabi_i2d              0x800'14d1          Code  ??  S32ToDbl.o [9]
__aeabi_ldiv0            0x800'1db9          Code  ??  I64DivZer.o [10]
__aeabi_memcpy           0x800'11dd          Code  ??  ABImemcpy.o [10]
__aeabi_memcpy4          0x800'11fd          Code  ??  ABImemcpy.o [10]
__aeabi_memcpy8          0x800'11fd          Code  ??  ABImemcpy.o [10]
__aeabi_ui2d             0x800'19b1          Code  ??  U32ToDbl.o [9]
__aeabi_uldivmod         0x800'1b81          Code  ??  I64DivMod.o [10]
__cexit_closeall         0x800'467b          Code  ??  cexit.o [10]
__cmain                  0x800'4651          Code  ??  cmain.o [10]
__cstart_closeall        0x800'4858          Data  ??  cstart_closeall.o [10]
__dwrite                 0x800'43ad    0x3c  Code  ??  HSP_WRITE.o [7]
__exit                   0x800'1dbd    0x14  Code  ??  exit.o [11]
__iar_Fail_s             0x800'110d    0x1c  Code  ??  xfail_s.o [8]
__iar_Memchr             0x800'1185          Code  ??  memchr.o [10]
__iar_Stderr            0x2000'00dc    0x48  Data  ??  xfiles.o [8]
__iar_Stdin             0x2000'004c    0x48  Data  ??  xfiles.o [8]
__iar_Stdout            0x2000'0094    0x48  Data  ??  xfiles.o [8]
__iar_Strchr             0x800'10f5          Code  ??  strchr.o [10]
__iar_data_init3         0x800'45d9    0x18  Code  ??  data_init.o [10]
__iar_frexp              0x800'1291          Code  ??  frexp.o [9]
__iar_frexpl             0x800'1291          Code  ??  frexp.o [9]
__iar_init_vfp           0x800'4605          Code  ??  fpinit_M.o [9]
__iar_ldexp64            0x800'135d          Code  ??  ldexp.o [9]
__iar_lz77_init_single3
                         0x800'1077    0x7e  Code  ??  lz77_init_single.o [10]
__iar_program_start      0x800'4689          Code  ??  cstartup_M.o [10]
__iar_scalbln64          0x800'135d          Code  ??  ldexp.o [9]
__iar_scalbn64           0x800'135d          Code  ??  ldexp.o [9]
__iar_softfp___iar_frexp64
                         0x800'1285          Code  ??  frexp.o [9]
__iar_softfp_frexp       0x800'1285          Code  ??  frexp.o [9]
__iar_softfp_frexpl      0x800'1285          Code  ??  frexp.o [9]
__iar_zero_init3         0x800'45a1    0x38  Code  ??  zero_init3.o [10]
__low_level_init         0x800'466f     0x4  Code  ??  low_level_init.o [8]
__vector_table           0x800'0000          Data  ??  startup_gd32f450_470.o [6]
__write_buffered         0x800'42f5    0xb8  Code  ??  xxwritebuffered.o [8]
_call_main               0x800'465d          Code  ??  cmain.o [10]
_exit                    0x800'4679          Code  ??  cexit.o [10]
abort                    0x800'1db1     0x6  Code  ??  abort.o [8]
board_init               0x800'4489    0x18  Code  ??  main.o [5]
delay                   0x2000'65a0     0x4  Data  Lc  systick.o [5]
delay_1ms                0x800'3671     0xc  Code  ??  systick.o [5]
delay_decrement          0x800'367d    0x10  Code  ??  systick.o [5]
dma_channel_disable      0x800'263d    0x24  Code  ??  gd32f4xx_dma.o [4]
dma_channel_enable       0x800'2619    0x24  Code  ??  gd32f4xx_dma.o [4]
dma_channel_subperipheral_select
                         0x800'2661    0x2c  Code  ??  gd32f4xx_dma.o [4]
dma_circulation_disable
                         0x800'25f5    0x24  Code  ??  gd32f4xx_dma.o [4]
dma_deinit               0x800'23c1    0xd0  Code  ??  gd32f4xx_dma.o [4]
dma_interrupt_flag_clear
                         0x800'2937    0x5e  Code  ??  gd32f4xx_dma.o [4]
dma_interrupt_flag_get   0x800'268d   0x2aa  Code  ??  gd32f4xx_dma.o [4]
dma_single_data_mode_init
                         0x800'2491   0x160  Code  ??  gd32f4xx_dma.o [4]
ebuf                    0x2000'64fc    0x50  Data  Lc  xfiles.o [8]
exit                     0x800'4673     0x4  Code  ??  exit.o [8]
exti_init                0x800'349d    0x7e  Code  ??  gd32f4xx_exti.o [4]
exti_interrupt_flag_clear
                         0x800'352d     0x6  Code  ??  gd32f4xx_exti.o [4]
exti_interrupt_flag_get
                         0x800'351b    0x12  Code  ??  gd32f4xx_exti.o [4]
gpio_af_set              0x800'3141    0x82  Code  ??  gd32f4xx_gpio.o [4]
gpio_bit_reset           0x800'3125     0x8  Code  ??  gd32f4xx_gpio.o [4]
gpio_bit_set             0x800'311d     0x8  Code  ??  gd32f4xx_gpio.o [4]
gpio_bit_toggle          0x800'31c3     0x8  Code  ??  gd32f4xx_gpio.o [4]
gpio_input_bit_get       0x800'312d    0x14  Code  ??  gd32f4xx_gpio.o [4]
gpio_mode_set            0x800'3051    0x6c  Code  ??  gd32f4xx_gpio.o [4]
gpio_output_options_set
                         0x800'30bd    0x60  Code  ??  gd32f4xx_gpio.o [4]
hsp_cat9555_init         0x800'3549    0x34  Code  ??  HSP_CAT9555.o [7]
hsp_cat9555_seg7_hexadecimal
                         0x800'357d    0x6a  Code  ??  HSP_CAT9555.o [7]
hsp_counter_init         0x800'4261    0x7e  Code  ??  hsp_timer.o [2]
hsp_gpio_init            0x800'3cc9   0x184  Code  ??  hsp_gpio.o [2]
hsp_i2c_init             0x800'36a9    0x6c  Code  ??  hsp_i2c.o [2]
hsp_i2c_write_2byte      0x800'3715    0xb2  Code  ??  hsp_i2c.o [2]
hsp_spi_dma_config       0x800'414f    0x62  Code  ??  hsp_spi.o [2]
hsp_spi_init             0x800'40d1    0x7e  Code  ??  hsp_spi.o [2]
hsp_spi_write_byte       0x800'2e09    0x22  Code  Lc  HSP_TFT18.o [7]
hsp_tft18_clear          0x800'2ebd    0x38  Code  ??  HSP_TFT18.o [7]
hsp_tft18_init           0x800'2d09   0x100  Code  ??  HSP_TFT18.o [7]
hsp_tft18_set_region     0x800'2e7f    0x3e  Code  ??  HSP_TFT18.o [7]
hsp_tft18_show_char_color
                         0x800'2ef5    0x8a  Code  ??  HSP_TFT18.o [7]
hsp_tft18_show_uint16_color
                         0x800'2f85    0xc0  Code  ??  HSP_TFT18.o [7]
hsp_tft18_write_2byte    0x800'2e5b    0x24  Code  ??  HSP_TFT18.o [7]
hsp_tft18_write_byte     0x800'2e43    0x18  Code  ??  HSP_TFT18.o [7]
hsp_tft18_write_cmd      0x800'2e2b    0x18  Code  ??  HSP_TFT18.o [7]
i2c_ack_config           0x800'392b     0xe  Code  ??  gd32f4xx_i2c.o [4]
i2c_analog_noise_filter_enable
                         0x800'397b    0x12  Code  ??  gd32f4xx_i2c.o [4]
i2c_clock_config         0x800'37d5   0x136  Code  ??  gd32f4xx_i2c.o [4]
i2c_data_transmit        0x800'396f     0xc  Code  ??  gd32f4xx_i2c.o [4]
i2c_enable               0x800'3951     0xa  Code  ??  gd32f4xx_i2c.o [4]
i2c_flag_clear           0x800'39ad    0x42  Code  ??  gd32f4xx_i2c.o [4]
i2c_flag_get             0x800'398d    0x20  Code  ??  gd32f4xx_i2c.o [4]
i2c_master_addressing    0x800'3939    0x18  Code  ??  gd32f4xx_i2c.o [4]
i2c_mode_addr_config     0x800'390b    0x20  Code  ??  gd32f4xx_i2c.o [4]
i2c_start_on_bus         0x800'395b     0xa  Code  ??  gd32f4xx_i2c.o [4]
i2c_stop_on_bus          0x800'3965     0xa  Code  ??  gd32f4xx_i2c.o [4]
image2_use              0x2000'4748  0x1d60  Data  ??  Ex7_dci.o [1]
image_raw               0x2003'0000  0x5820  Data  ??  main.o [5]
image_ready             0x2000'65aa     0x1  Data  ??  Ex7_dci.o [1]
image_size              0x2000'0144     0x1  Data  ??  Ex7_dci.o [1]
image_use               0x2000'0148  0x4600  Data  ??  Ex7_dci.o [1]
lab1_lcdshow             0x800'2995    0x80  Code  ??  Lab1_hmi.o [1]
lab1_var                0x2000'65ab     0x1  Data  ??  Lab1_hmi.o [1]
ldexp                    0x800'135d          Code  ??  ldexp.o [9]
ldexpl                   0x800'135d          Code  ??  ldexp.o [9]
localeconv               0x800'1b79     0x4  Code  ??  xlocale_c.o [8]
main                     0x800'44a1    0x44  Code  ??  main.o [5]
memchr                   0x800'1185          Code  ??  memchr.o [10]
mode_flag               0x2000'65ac     0x1  Data  ??  main.o [5]
nvic_irq_enable          0x800'331f    0xcc  Code  ??  gd32f4xx_misc.o [4]
nvic_priority_group_set
                         0x800'3315     0xa  Code  ??  gd32f4xx_misc.o [4]
obuf                    0x2000'654c    0x50  Data  Lc  xfiles.o [8]
pit_counter1            0x2000'65a8     0x2  Data  Lc  hsp_timer.o [2]
printf                   0x800'44f5    0x28  Code  ??  printf.o [8]
putchar                  0x800'451d    0x44  Code  ??  putchar.o [8]
rcu_clock_freq_get       0x800'31f5   0x100  Code  ??  gd32f4xx_rcu.o [4]
rcu_periph_clock_enable
                         0x800'31cd    0x28  Code  ??  gd32f4xx_rcu.o [4]
scalbln                  0x800'135d          Code  ??  ldexp.o [9]
scalblnl                 0x800'135d          Code  ??  ldexp.o [9]
scalbn                   0x800'135d          Code  ??  ldexp.o [9]
scalbnl                  0x800'135d          Code  ??  ldexp.o [9]
scale                    0x800'0fab    0x46  Code  Lc  xprintffull_nomb.o [8]
sec_hand                0x2000'65a4     0x4  Data  Lc  xfail_s.o [8]
seg7_table              0x2000'0000    0x10  Data  Lc  HSP_CAT9555.o [7]
spi_dma_enable           0x800'4207    0x24  Code  ??  gd32f4xx_spi.o [4]
spi_enable               0x800'41fd     0xa  Code  ??  gd32f4xx_spi.o [4]
spi_init                 0x800'41c1    0x3c  Code  ??  gd32f4xx_spi.o [4]
store                   0x2000'64a8    0x50  Data  Lc  xxwritebuffered.o [8]
storeLen                0x2000'64f8     0x4  Data  Lc  xxwritebuffered.o [8]
strchr                   0x800'10f5          Code  ??  strchr.o [10]
strlen                   0x800'114d          Code  ??  strlen.o [10]
sys_tick_counter        0x2000'659c     0x4  Data  ??  main.o [5]
syscfg_exti_line_config
                         0x800'33fd    0x90  Code  ??  gd32f4xx_syscfg.o [4]
system_clock_240m_8m_hxtal
                         0x800'3eef    0xa4  Code  Lc  system_gd32f4xx.o [3]
system_clock_config      0x800'3ee7     0x8  Code  Lc  system_gd32f4xx.o [3]
systick_config           0x800'364d    0x24  Code  ??  systick.o [5]
tft_ascii                0x800'1dd0   0x5f0  Data  ??  HSP_TFT18.o [7]
timer_counter_read       0x800'3aa7     0xc  Code  ??  gd32f4xx_timer.o [4]
timer_enable             0x800'3a9d     0xa  Code  ??  gd32f4xx_timer.o [4]
timer_external_clock_mode0_config
                         0x800'3c67    0x38  Code  ??  gd32f4xx_timer.o [4]
timer_external_trigger_as_external_clock_config
                         0x800'3b27   0x140  Code  ??  gd32f4xx_timer.o [4]
timer_external_trigger_config
                         0x800'3af1    0x36  Code  ??  gd32f4xx_timer.o [4]
timer_init               0x800'39fd    0xa0  Code  ??  gd32f4xx_timer.o [4]
timer_input_trigger_source_select
                         0x800'3ad1    0x20  Code  ??  gd32f4xx_timer.o [4]
timer_interrupt_flag_clear
                         0x800'3cbf     0xa  Code  ??  gd32f4xx_timer.o [4]
timer_interrupt_flag_get
                         0x800'3c9f    0x20  Code  ??  gd32f4xx_timer.o [4]
usart_data_transmit      0x800'43e9     0xe  Code  ??  gd32f4xx_usart.o [4]
usart_flag_get           0x800'43f7    0x20  Code  ??  gd32f4xx_usart.o [4]


[1] = D:\Files\SJTU\second_second\engineering4-D\HSP\HSP_C4\HSP_C3\Debug\Obj\App_2489385672134236918.dir
[2] = D:\Files\SJTU\second_second\engineering4-D\HSP\HSP_C4\HSP_C3\Debug\Obj\Board_7221520210927654578.dir
[3] = D:\Files\SJTU\second_second\engineering4-D\HSP\HSP_C4\HSP_C3\Debug\Obj\CMSIS_13545061835669826545.dir
[4] = D:\Files\SJTU\second_second\engineering4-D\HSP\HSP_C4\HSP_C3\Debug\Obj\GD32F470_Peripherals_11143062579488607573.dir
[5] = D:\Files\SJTU\second_second\engineering4-D\HSP\HSP_C4\HSP_C3\Debug\Obj\Main_13238667732884069010.dir
[6] = D:\Files\SJTU\second_second\engineering4-D\HSP\HSP_C4\HSP_C3\Debug\Obj\Startup_17868067532763321386.dir
[7] = D:\Files\SJTU\second_second\engineering4-D\HSP\HSP_C4\HSP_C3\Debug\Obj\Utilities_17002154029713865955.dir
[8] = dl7M_tlf.a
[9] = m7M_tls.a
[10] = rt7M_tl.a
[11] = shb_l.a

  16'901 bytes of readonly  code memory
   1'747 bytes of readonly  data memory
  34'219 bytes of readwrite data memory (+ 22'560 absolute)

Errors: none
Warnings: none
